
 Start         Length     Name                   Class
 0001:00000000 00099648H .text                   CODE
 0002:00000000 00001D58H .data                   DATA
 0002:00001D58 00001171H .bss                    BSS


Detailed map of segments

 0001:00000000 000059DB C=CODE     S=.text    G=(none)   M=System   ACBP=A9
 0001:000059DC 00000140 C=CODE     S=.text    G=(none)   M=SysInit  ACBP=A9
 0001:00005B1C 00000090 C=CODE     S=.text    G=(none)   M=Types    ACBP=A9
 0001:00005BAC 00000D38 C=CODE     S=.text    G=(none)   M=Windows  ACBP=A9
 0001:000068E4 00000350 C=CODE     S=.text    G=(none)   M=SysConst ACBP=A9
 0001:00006C34 00006D40 C=CODE     S=.text    G=(none)   M=SysUtils ACBP=A9
 0001:0000D974 00000038 C=CODE     S=.text    G=(none)   M=Messages ACBP=A9
 0001:0000D9AC 00000823 C=CODE     S=.text    G=(none)   M=VarUtils ACBP=A9
 0001:0000E1D0 0000779E C=CODE     S=.text    G=(none)   M=Variants ACBP=A9
 0001:00015970 00000150 C=CODE     S=.text    G=(none)   M=RTLConsts ACBP=A9
 0001:00015AC0 0000183C C=CODE     S=.text    G=(none)   M=TypInfo  ACBP=A9
 0001:000172FC 00000038 C=CODE     S=.text    G=(none)   M=ActiveX  ACBP=A9
 0001:00017334 0000A12A C=CODE     S=.text    G=(none)   M=Classes  ACBP=A9
 0001:00021460 00000048 C=CODE     S=.text    G=(none)   M=Math     ACBP=A9
 0001:000214A8 000002B8 C=CODE     S=.text    G=(none)   M=Contnrs  ACBP=A9
 0001:00021760 00000FF8 C=CODE     S=.text    G=(none)   M=HelpIntfs ACBP=A9
 0001:00022758 00000787 C=CODE     S=.text    G=(none)   M=MultiMon ACBP=A9
 0001:00022EE0 00000198 C=CODE     S=.text    G=(none)   M=CommCtrl ACBP=A9
 0001:00023078 00000300 C=CODE     S=.text    G=(none)   M=Consts   ACBP=A9
 0001:00023378 00008F23 C=CODE     S=.text    G=(none)   M=Graphics ACBP=A9
 0001:0002C29C 00000038 C=CODE     S=.text    G=(none)   M=Imm      ACBP=A9
 0001:0002C2D4 000001A4 C=CODE     S=.text    G=(none)   M=SyncObjs ACBP=A9
 0001:0002C478 000009BB C=CODE     S=.text    G=(none)   M=UxTheme  ACBP=A9
 0001:0002CE34 00000038 C=CODE     S=.text    G=(none)   M=ShellAPI ACBP=A9
 0001:0002CE6C 00000038 C=CODE     S=.text    G=(none)   M=RegStr   ACBP=A9
 0001:0002CEA4 00000038 C=CODE     S=.text    G=(none)   M=WinInet  ACBP=A9
 0001:0002CEDC 00000038 C=CODE     S=.text    G=(none)   M=UrlMon   ACBP=A9
 0001:0002CF14 0000006C C=CODE     S=.text    G=(none)   M=ShlObj   ACBP=A9
 0001:0002CF80 00000D1F C=CODE     S=.text    G=(none)   M=WinHelpViewer ACBP=A9
 0001:0002DCA0 00000038 C=CODE     S=.text    G=(none)   M=WinSpool ACBP=A9
 0001:0002DCD8 00000044 C=CODE     S=.text    G=(none)   M=Printers ACBP=A9
 0001:0002DD1C 00000040 C=CODE     S=.text    G=(none)   M=CommDlg  ACBP=A9
 0001:0002DD5C 00000038 C=CODE     S=.text    G=(none)   M=Dlgs     ACBP=A9
 0001:0002DD94 0000236D C=CODE     S=.text    G=(none)   M=Dialogs  ACBP=A9
 0001:00030104 00000080 C=CODE     S=.text    G=(none)   M=StrUtils ACBP=A9
 0001:00030184 00000094 C=CODE     S=.text    G=(none)   M=Clipbrd  ACBP=A9
 0001:00030218 00000168 C=CODE     S=.text    G=(none)   M=StdActns ACBP=A9
 0001:00030380 0000031F C=CODE     S=.text    G=(none)   M=FlatSB   ACBP=A9
 0001:000306A0 00009CDC C=CODE     S=.text    G=(none)   M=StdCtrls ACBP=A9
 0001:0003A37C 00002422 C=CODE     S=.text    G=(none)   M=ExtCtrls ACBP=A9
 0001:0003C7A0 00000038 C=CODE     S=.text    G=(none)   M=ToolWin  ACBP=A9
 0001:0003C7D8 00000038 C=CODE     S=.text    G=(none)   M=RichEdit ACBP=A9
 0001:0003C810 00000068 C=CODE     S=.text    G=(none)   M=IniFiles ACBP=A9
 0001:0003C878 00000730 C=CODE     S=.text    G=(none)   M=Registry ACBP=A9
 0001:0003CFA8 00003821 C=CODE     S=.text    G=(none)   M=Buttons  ACBP=A9
 0001:000407CC 00000038 C=CODE     S=.text    G=(none)   M=ExtDlgs  ACBP=A9
 0001:00040804 0000006C C=CODE     S=.text    G=(none)   M=Mapi     ACBP=A9
 0001:00040870 00000058 C=CODE     S=.text    G=(none)   M=ExtActns ACBP=A9
 0001:000408C8 00000078 C=CODE     S=.text    G=(none)   M=ComStrs  ACBP=A9
 0001:00040940 00000038 C=CODE     S=.text    G=(none)   M=ListActns ACBP=A9
 0001:00040978 0000617C C=CODE     S=.text    G=(none)   M=ComCtrls ACBP=A9
 0001:00046AF4 00000D90 C=CODE     S=.text    G=(none)   M=Themes   ACBP=A9
 0001:00047884 000066AD C=CODE     S=.text    G=(none)   M=Menus    ACBP=A9
 0001:0004DF34 00011293 C=CODE     S=.text    G=(none)   M=Controls ACBP=A9
 0001:0005F1C8 00001B9C C=CODE     S=.text    G=(none)   M=ImgList  ACBP=A9
 0001:00060D64 00001292 C=CODE     S=.text    G=(none)   M=ActnList ACBP=A9
 0001:00061FF8 0000C618 C=CODE     S=.text    G=(none)   M=Forms    ACBP=A9
 0001:0006E610 00000048 C=CODE     S=.text    G=(none)   M=DBConsts ACBP=A9
 0001:0006E658 00003697 C=CODE     S=.text    G=(none)   M=FMTBcd   ACBP=A9
 0001:00071CF0 00000070 C=CODE     S=.text    G=(none)   M=WinSock  ACBP=A9
 0001:00071D60 00000988 C=CODE     S=.text    G=(none)   M=IcsLogger ACBP=A9
 0001:000726E8 00000250 C=CODE     S=.text    G=(none)   M=WSockBuf ACBP=A9
 0001:00072938 00009FEC C=CODE     S=.text    G=(none)   M=WSocket  ACBP=A9
 0001:0007C924 000001A0 C=CODE     S=.text    G=(none)   M=IdException ACBP=A9
 0001:0007CAC4 000001A0 C=CODE     S=.text    G=(none)   M=IdResourceStrings ACBP=A9
 0001:0007CC64 00000038 C=CODE     S=.text    G=(none)   M=IdURI    ACBP=A9
 0001:0007CC9C 0000112B C=CODE     S=.text    G=(none)   M=IdWinSock2 ACBP=A9
 0001:0007DDC8 00000038 C=CODE     S=.text    G=(none)   M=IdStackConsts ACBP=A9
 0001:0007DE00 0000115C C=CODE     S=.text    G=(none)   M=IdStackWindows ACBP=A9
 0001:0007EF5C 0000060C C=CODE     S=.text    G=(none)   M=IdGlobal ACBP=A9
 0001:0007F568 00000820 C=CODE     S=.text    G=(none)   M=IdStack  ACBP=A9
 0001:0007FD88 000001BC C=CODE     S=.text    G=(none)   M=Ulogcom  ACBP=A9
 0001:0007FF44 000003DC C=CODE     S=.text    G=(none)   M=U_Ip_Servidor ACBP=A9
 0001:00080320 00000238 C=CODE     S=.text    G=(none)   M=U_aviso  ACBP=A9
 0001:00080558 00018DC0 C=CODE     S=.text    G=(none)   M=Unit1    ACBP=A9
 0001:00099318 00000330 C=CODE     S=.text    G=(none)   M=ip_maxtool_IAC500 ACBP=A9
 0002:00000000 000000A0 C=DATA     S=.data    G=DGROUP   M=System   ACBP=A9
 0002:000000A0 00000020 C=DATA     S=.data    G=DGROUP   M=SysInit  ACBP=A9
 0002:000000C0 00000254 C=DATA     S=.data    G=DGROUP   M=SysUtils ACBP=A9
 0002:00000314 00000110 C=DATA     S=.data    G=DGROUP   M=VarUtils ACBP=A9
 0002:00000424 00000092 C=DATA     S=.data    G=DGROUP   M=Variants ACBP=A9
 0002:000004B8 0000000C C=DATA     S=.data    G=DGROUP   M=TypInfo  ACBP=A9
 0002:000004C4 00000064 C=DATA     S=.data    G=DGROUP   M=Classes  ACBP=A9
 0002:00000528 00000304 C=DATA     S=.data    G=DGROUP   M=Graphics ACBP=A9
 0002:0000082C 00000004 C=DATA     S=.data    G=DGROUP   M=Printers ACBP=A9
 0002:00000830 00000114 C=DATA     S=.data    G=DGROUP   M=Dialogs  ACBP=A9
 0002:00000944 00000114 C=DATA     S=.data    G=DGROUP   M=StdCtrls ACBP=A9
 0002:00000A58 0000018C C=DATA     S=.data    G=DGROUP   M=ExtCtrls ACBP=A9
 0002:00000BE4 00000008 C=DATA     S=.data    G=DGROUP   M=IniFiles ACBP=A9
 0002:00000BEC 00000008 C=DATA     S=.data    G=DGROUP   M=Registry ACBP=A9
 0002:00000BF4 0000009E C=DATA     S=.data    G=DGROUP   M=Buttons  ACBP=A9
 0002:00000C94 00000008 C=DATA     S=.data    G=DGROUP   M=Mapi     ACBP=A9
 0002:00000C9C 00000074 C=DATA     S=.data    G=DGROUP   M=ComCtrls ACBP=A9
 0002:00000D10 00000068 C=DATA     S=.data    G=DGROUP   M=Themes   ACBP=A9
 0002:00000D78 000000EC C=DATA     S=.data    G=DGROUP   M=Menus    ACBP=A9
 0002:00000E64 0000013C C=DATA     S=.data    G=DGROUP   M=Controls ACBP=A9
 0002:00000FA0 00000020 C=DATA     S=.data    G=DGROUP   M=ImgList  ACBP=A9
 0002:00000FC0 0000011C C=DATA     S=.data    G=DGROUP   M=Forms    ACBP=A9
 0002:000010DC 0000003A C=DATA     S=.data    G=DGROUP   M=FMTBcd   ACBP=A9
 0002:00001118 00000004 C=DATA     S=.data    G=DGROUP   M=IcsLogger ACBP=A9
 0002:0000111C 00000004 C=DATA     S=.data    G=DGROUP   M=WSockBuf ACBP=A9
 0002:00001120 00000048 C=DATA     S=.data    G=DGROUP   M=WSocket  ACBP=A9
 0002:00001168 00000544 C=DATA     S=.data    G=DGROUP   M=IdWinSock2 ACBP=A9
 0002:000016AC 00000001 C=DATA     S=.data    G=DGROUP   M=IdStackWindows ACBP=A9
 0002:000016B0 0000009C C=DATA     S=.data    G=DGROUP   M=IdGlobal ACBP=A9
 0002:0000174C 00000008 C=DATA     S=.data    G=DGROUP   M=IdStack  ACBP=A9
 0002:00002000 00000660 C=BSS      S=.bss     G=DGROUP   M=System   ACBP=A9
 0002:00002660 00000010 C=BSS      S=.bss     G=DGROUP   M=SysInit  ACBP=A9
 0002:00002670 00000004 C=BSS      S=.bss     G=DGROUP   M=Types    ACBP=A9
 0002:00002674 00000004 C=BSS      S=.bss     G=DGROUP   M=Windows  ACBP=A9
 0002:00002678 00000004 C=BSS      S=.bss     G=DGROUP   M=SysConst ACBP=A9
 0002:0000267C 00000120 C=BSS      S=.bss     G=DGROUP   M=SysUtils ACBP=A9
 0002:0000279C 00000004 C=BSS      S=.bss     G=DGROUP   M=Messages ACBP=A9
 0002:000027A0 0000005C C=BSS      S=.bss     G=DGROUP   M=VarUtils ACBP=A9
 0002:000027FC 00000040 C=BSS      S=.bss     G=DGROUP   M=Variants ACBP=A9
 0002:0000283C 00000004 C=BSS      S=.bss     G=DGROUP   M=RTLConsts ACBP=A9
 0002:00002840 00000004 C=BSS      S=.bss     G=DGROUP   M=TypInfo  ACBP=A9
 0002:00002844 00000004 C=BSS      S=.bss     G=DGROUP   M=ActiveX  ACBP=A9
 0002:00002848 00000040 C=BSS      S=.bss     G=DGROUP   M=Classes  ACBP=A9
 0002:00002888 00000004 C=BSS      S=.bss     G=DGROUP   M=Math     ACBP=A9
 0002:0000288C 00000004 C=BSS      S=.bss     G=DGROUP   M=Contnrs  ACBP=A9
 0002:00002890 00000008 C=BSS      S=.bss     G=DGROUP   M=HelpIntfs ACBP=A9
 0002:00002898 00000031 C=BSS      S=.bss     G=DGROUP   M=MultiMon ACBP=A9
 0002:000028CC 0000000C C=BSS      S=.bss     G=DGROUP   M=CommCtrl ACBP=A9
 0002:000028D8 00000004 C=BSS      S=.bss     G=DGROUP   M=Consts   ACBP=A9
 0002:000028DC 00000060 C=BSS      S=.bss     G=DGROUP   M=Graphics ACBP=A9
 0002:0000293C 00000004 C=BSS      S=.bss     G=DGROUP   M=Imm      ACBP=A9
 0002:00002940 00000004 C=BSS      S=.bss     G=DGROUP   M=SyncObjs ACBP=A9
 0002:00002944 000000CC C=BSS      S=.bss     G=DGROUP   M=UxTheme  ACBP=A9
 0002:00002A10 00000004 C=BSS      S=.bss     G=DGROUP   M=ShellAPI ACBP=A9
 0002:00002A14 00000004 C=BSS      S=.bss     G=DGROUP   M=RegStr   ACBP=A9
 0002:00002A18 00000004 C=BSS      S=.bss     G=DGROUP   M=WinInet  ACBP=A9
 0002:00002A1C 00000004 C=BSS      S=.bss     G=DGROUP   M=UrlMon   ACBP=A9
 0002:00002A20 00000004 C=BSS      S=.bss     G=DGROUP   M=ShlObj   ACBP=A9
 0002:00002A24 00000014 C=BSS      S=.bss     G=DGROUP   M=WinHelpViewer ACBP=A9
 0002:00002A38 00000004 C=BSS      S=.bss     G=DGROUP   M=WinSpool ACBP=A9
 0002:00002A3C 00000004 C=BSS      S=.bss     G=DGROUP   M=Printers ACBP=A9
 0002:00002A40 00000004 C=BSS      S=.bss     G=DGROUP   M=CommDlg  ACBP=A9
 0002:00002A44 00000004 C=BSS      S=.bss     G=DGROUP   M=Dlgs     ACBP=A9
 0002:00002A48 00000038 C=BSS      S=.bss     G=DGROUP   M=Dialogs  ACBP=A9
 0002:00002A80 00000004 C=BSS      S=.bss     G=DGROUP   M=StrUtils ACBP=A9
 0002:00002A84 0000000C C=BSS      S=.bss     G=DGROUP   M=Clipbrd  ACBP=A9
 0002:00002A90 00000004 C=BSS      S=.bss     G=DGROUP   M=StdActns ACBP=A9
 0002:00002A94 00000034 C=BSS      S=.bss     G=DGROUP   M=FlatSB   ACBP=A9
 0002:00002AC8 00000004 C=BSS      S=.bss     G=DGROUP   M=StdCtrls ACBP=A9
 0002:00002ACC 00000004 C=BSS      S=.bss     G=DGROUP   M=ExtCtrls ACBP=A9
 0002:00002AD0 00000004 C=BSS      S=.bss     G=DGROUP   M=ToolWin  ACBP=A9
 0002:00002AD4 00000004 C=BSS      S=.bss     G=DGROUP   M=RichEdit ACBP=A9
 0002:00002AD8 00000004 C=BSS      S=.bss     G=DGROUP   M=IniFiles ACBP=A9
 0002:00002ADC 00000004 C=BSS      S=.bss     G=DGROUP   M=Registry ACBP=A9
 0002:00002AE0 00000030 C=BSS      S=.bss     G=DGROUP   M=Buttons  ACBP=A9
 0002:00002B10 00000004 C=BSS      S=.bss     G=DGROUP   M=ExtDlgs  ACBP=A9
 0002:00002B14 00000004 C=BSS      S=.bss     G=DGROUP   M=Mapi     ACBP=A9
 0002:00002B18 00000009 C=BSS      S=.bss     G=DGROUP   M=ExtActns ACBP=A9
 0002:00002B24 00000004 C=BSS      S=.bss     G=DGROUP   M=ComStrs  ACBP=A9
 0002:00002B28 00000004 C=BSS      S=.bss     G=DGROUP   M=ListActns ACBP=A9
 0002:00002B2C 00000010 C=BSS      S=.bss     G=DGROUP   M=ComCtrls ACBP=A9
 0002:00002B3C 00000008 C=BSS      S=.bss     G=DGROUP   M=Themes   ACBP=A9
 0002:00002B44 00000010 C=BSS      S=.bss     G=DGROUP   M=Menus    ACBP=A9
 0002:00002B54 00000080 C=BSS      S=.bss     G=DGROUP   M=Controls ACBP=A9
 0002:00002BD4 0000000C C=BSS      S=.bss     G=DGROUP   M=ImgList  ACBP=A9
 0002:00002BE0 00000004 C=BSS      S=.bss     G=DGROUP   M=ActnList ACBP=A9
 0002:00002BE4 00000020 C=BSS      S=.bss     G=DGROUP   M=Forms    ACBP=A9
 0002:00002C04 00000004 C=BSS      S=.bss     G=DGROUP   M=DBConsts ACBP=A9
 0002:00002C08 00000004 C=BSS      S=.bss     G=DGROUP   M=FMTBcd   ACBP=A9
 0002:00002C0C 00000004 C=BSS      S=.bss     G=DGROUP   M=WinSock  ACBP=A9
 0002:00002C10 00000004 C=BSS      S=.bss     G=DGROUP   M=IcsLogger ACBP=A9
 0002:00002C14 00000004 C=BSS      S=.bss     G=DGROUP   M=WSockBuf ACBP=A9
 0002:00002C18 00000274 C=BSS      S=.bss     G=DGROUP   M=WSocket  ACBP=A9
 0002:00002E8C 00000004 C=BSS      S=.bss     G=DGROUP   M=IdException ACBP=A9
 0002:00002E90 00000004 C=BSS      S=.bss     G=DGROUP   M=IdResourceStrings ACBP=A9
 0002:00002E94 00000004 C=BSS      S=.bss     G=DGROUP   M=IdURI    ACBP=A9
 0002:00002E98 000001C8 C=BSS      S=.bss     G=DGROUP   M=IdWinSock2 ACBP=A9
 0002:00003060 00000004 C=BSS      S=.bss     G=DGROUP   M=IdStackConsts ACBP=A9
 0002:00003064 00000004 C=BSS      S=.bss     G=DGROUP   M=IdStackWindows ACBP=A9
 0002:00003068 00000014 C=BSS      S=.bss     G=DGROUP   M=IdGlobal ACBP=A9
 0002:0000307C 00000008 C=BSS      S=.bss     G=DGROUP   M=IdStack  ACBP=A9
 0002:00003084 00000008 C=BSS      S=.bss     G=DGROUP   M=Ulogcom  ACBP=A9
 0002:0000308C 00000008 C=BSS      S=.bss     G=DGROUP   M=U_Ip_Servidor ACBP=A9
 0002:00003094 0000000C C=BSS      S=.bss     G=DGROUP   M=U_aviso  ACBP=A9
 0002:000030A0 000000D0 C=BSS      S=.bss     G=DGROUP   M=Unit1    ACBP=A9


  Address         Publics by Name

 0002:00002B24       .1
 0002:00002B14       .1
 0002:00002A40       .1
 0002:00002678       .1
 0002:000028D8       .1
 0002:000028B8       .1
 0002:00002C0C       .1
 0002:00002A44       .1
 0002:00002A80       .1
 0002:0000279C       .1
 0002:000028CC       .1
 0002:00002AD4       .1
 0002:0000283C       .1
 0002:00002A2C       .1
 0002:00002668       .1
 0002:00002670       .1
 0002:00002A20       .1
 0002:00002A1C       .1
 0002:00002A18       .1
 0002:00002C04       .1
 0002:0000293C       .1
 0002:00002AB4       .1
 0002:00002E90       .1
 0002:00003060       .1
 0002:00002A14       .1
 0002:00002A10       .1
 0002:00002A00       .1
 0002:00003070       .11
 0002:00002A48       .11
 0002:000028E0       .12
 0002:00002ACC       .12
 0002:00003088       .2
 0002:00003090       .2
 0002:0000309C       .2
 0002:00002888       .2
 0002:00002B3C       .2
 0002:00002C14       .2
 0002:00002890       .2
 0002:00002A88       .2
 0002:0000288C       .21
 0002:00002844       .3
 0002:00002B10       .3
 0002:00003064       .3
 0002:00002E94       .3
 0002:00003058       .3
 0002:00002674       .3
 0002:00002C10       .3
 0002:00002A38       .3
 0002:00002C08       .3
 0002:00002A3C       .3
 0002:0000316C       .3
 0002:00002BD4       .3
 0002:0000278C       .35
 0002:00002B2C       .36
 0002:00002AD0       .4
 0002:00002AE0       .4
 0002:00002BEC       .41
 0002:00002AC8       .42
 0002:00002854       .45
 0002:000025B8       .5
 0002:000027F8       .5
 0002:00002ADC       .5
 0002:00002840       .6
 0002:00002940       .6
 0002:00003080       .6
 0002:00002E8C       .64
 0002:00002B18       .72
 0002:00002B5C       .72
 0002:00002A90       .73
 0002:00002CAC       .8
 0002:00002AD8       .8
 0002:00002B28       .8
 0002:00002BE0       .8
 0002:0000281C       .81
 0002:00002B4C       .9
 0001:00001D9C       @AbstractError
 0001:00002E5C       @AfterConstruction
 0001:00002C88       @AsClass
 0001:00002074       @Assign
 0001:00002264       @AStrCmp
 0001:00002E6C       @BeforeDestruction
 0001:00002A08       @BoundErr
 0001:00002CD4       @CallDynaInst
 0001:00002E04       @ClassCreate
 0001:00002E54       @ClassDestroy
 0001:00002130       @Close
 0001:00001CA4       @Copy
 0001:0000453C       @CopyArray
 0001:00004420       @CopyRecord
 0001:00004678       @DispCallByIDError
 0001:0000EE68       @DispInvokeError
 0001:00004644       @Dispose
 0001:000032E8       @DoneExcept
 0001:00004C0C       @DynArrayAsg
 0001:00004BD0       @DynArrayClear
 0001:00004AB0       @DynArrayCopy
 0001:00004AD0       @DynArrayCopyRange
 0001:000048D0       @DynArrayHigh
 0001:000048C8       @DynArrayLength
 0001:00004AA4       @DynArraySetLength
 0001:000022D4       @EofText
 0001:000033D0       @ExceptionHandler
 0001:0000230C       @FillChar
 0001:000043FC       @Finalize
 0001:00004310       @FinalizeArray
 0001:000042C4       @FinalizeRecord
 0001:00002CEC       @FindDynaInst
 0001:000029FC       @FpuInit
 0001:00002938       @FpuMaskInit
 0001:00001B18       @FreeMem
 0001:00001AE8       @GetMem
 0001:00005A54       @GetTls
 0001:00003840       @Halt
 0001:00003760       @Halt0
 0001:00002F80       @HandleAnyException
 0001:00003234       @HandleFinally
 0001:000030AC       @HandleOnException
 0001:00005AA0       @InitExe
 0001:000042B8       @Initialize
 0001:00004224       @InitializeArray
 0001:000041F4       @InitializeRecord
 0001:00003624       @InitImports
 0001:000035FC       @InitResStringImports
 0001:000035D8       @InitResStrings
 0001:00005398       @IntfAddRef
 0001:00005368       @IntfCast
 0001:00005324       @IntfClear
 0001:0000533C       @IntfCopy
 0001:00002C64       @IsClass
 0001:00002908       @isNECWindows
 0001:00003D08       @LStrAddRef
 0001:0000387C       @LStrArrayClr
 0001:000038AC       @LStrAsg
 0001:00003B20       @LStrCat
 0001:00003B64       @LStrCat3
 0001:00003BD8       @LStrCatN
 0001:00003858       @LStrClr
 0001:00003C64       @LStrCmp
 0001:00003D78       @LStrCopy
 0001:00003DB8       @LStrDelete
 0001:00003AC8       @LStrFromArray
 0001:00003A40       @LStrFromChar
 0001:00003A50       @LStrFromPChar
 0001:00003948       @LStrFromPCharLen
 0001:00003A80       @LStrFromPWChar
 0001:000039B4       @LStrFromPWCharLen
 0001:00003ABC       @LStrFromString
 0001:00003AE0       @LStrFromWStr
 0001:00003E00       @LStrInsert
 0001:000038F0       @LStrLAsg
 0001:00003B18       @LStrLen
 0001:00003F08       @LStrOfChar
 0001:00003E5C       @LStrPos
 0001:00003EA4       @LStrSetLength
 0001:00003D18       @LStrToPChar
 0001:00003AF4       @LStrToString
 0001:00004630       @New
 0001:0000391C       @NewAnsiString
 0001:00003F3C       @NewWideString
 0001:0000261C       @Pow10
 0001:000021E0       @PStrCmp
 0001:000021B8       @PStrCpy
 0001:00002188       @PStrNCat
 0001:000021C4       @PStrNCpy
 0001:00003294       @RaiseAgain
 0001:0000326C       @RaiseExcept
 0001:00002368       @ReadChar
 0001:000024CC       @ReadLn
 0001:00002460       @ReadLString
 0001:00002454       @ReadString
 0001:00001B38       @ReallocMem
 0001:00001E10       @ResetText
 0001:00001D6C       @ROUND
 0001:0000384C       @RunError
 0001:00002600       @SetEq
 0001:00003598       @StartExe
 0001:0000035C       @strlen
 0001:00001D78       @TRUNC
 0001:00003318       @TryFinallyExit
 0001:00003D70       @UniqueStringA
 0001:000046A4       @ValInt64
 0001:000024FC       @ValLong
 0001:000138A4       @VarAddRef
 0001:00013EF8       @VarArrayGet
 0001:00013FE8       @VarArrayPut
 0001:0000F9DC       @VarCast
 0001:0000F154       @VarClear
 0001:000042F8       @VarClr
 0001:0000F168       @VarClr
 0001:00004408       @VarCopy
 0001:0000F490       @VarCopy
 0001:0000F710       @VarCopyNoInd
 0001:00013734       @VarFromBool
 0001:000135C0       @VarFromByte
 0001:00013784       @VarFromCurr
 0001:000136DC       @VarFromCurrency
 0001:00013708       @VarFromDate
 0001:00013878       @VarFromDisp
 0001:000136B0       @VarFromDouble
 0001:00013564       @VarFromInt
 0001:00013660       @VarFromInt64
 0001:000135A0       @VarFromInteger
 0001:0001384C       @VarFromIntf
 0001:00013600       @VarFromLongWord
 0001:00013798       @VarFromLStr
 0001:000137C4       @VarFromPStr
 0001:0001375C       @VarFromReal
 0001:00013620       @VarFromShortInt
 0001:0001368C       @VarFromSingle
 0001:00013640       @VarFromSmallInt
 0001:00013770       @VarFromTDateTime
 0001:000135E0       @VarFromWord
 0001:00013814       @VarFromWStr
 0001:0000EEBC       @VarNull
 0001:0000F724       @VarStringToOleStr
 0001:000111A8       @VarToBool
 0001:00010E60       @VarToBoolean
 0001:000102A0       @VarToByte
 0001:0001204C       @VarToCurrency
 0001:00011AE4       @VarToDate
 0001:000134B8       @VarToDisp
 0001:00011374       @VarToDouble
 0001:00010864       @VarToInt64
 0001:0000FDA0       @VarToInteger
 0001:000133EC       @VarToIntf
 0001:00010518       @VarToLongWord
 0001:00012700       @VarToLStr
 0001:000116F0       @VarToReal
 0001:000101F0       @VarToShortInt
 0001:0001170C       @VarToSingle
 0001:00010348       @VarToSmallInt
 0001:00010440       @VarToWord
 0001:00012E20       @VarToWStr
 0001:00003F7C       @WStrArrayClr
 0001:00003FA0       @WStrAsg
 0001:00003F64       @WStrClr
 0001:000040DC       @WStrCmp
 0001:00004160       @WStrCopy
 0001:000040B0       @WStrFromLStr
 0001:00003FC4       @WStrFromPCharLen
 0001:00004074       @WStrFromPWChar
 0001:00004050       @WStrFromPWCharLen
 0001:000040D0       @WStrLen
 0001:000041AC       @WStrSetLength
 0001:000040C0       @WStrToPWChar
 0001:000025DC       @_CLenToPasStr
 0001:000025D0       @_CToPasStr
 0001:00001C74       @_IOTest
 0001:00004680       @_llmul
 0001:00050F64       AbsMin
 0001:0000BA74       AbstractErrorHandler
 0002:00002028       AbstractErrorProc
 0002:00002E9C       accept
 0002:0000304C       AcceptEx
 0002:00000144       AccessMode
 0001:00001BD4       AcquireExceptionObject
 0001:00019844       ActivateClassGroup
 0001:00006118       ActivateKeyboardLayout
 0002:00002B90       ActiveDrag
 0001:0001732C       ActiveX
 0001:00061FCC       ActnList
 0001:000004BC       AddBlockAfter
 0001:0006F674       AddChars
 0002:000004C4       AddDataModule
 0001:00071860       AddDigit
 0001:000078B8       AddExitProc
 0001:0001D0F0       AddFinished
 0001:000494B8       AddIn
 0001:0000518C       AddModuleUnloadProc
 0001:0000517C       AddModuleUnloadProc
 0001:00070D70       AddNormalizedFractions
 0001:0001D128       AddNotFinished
 0001:00071844       AddOneChar
 0001:0006F730       AddStrings
 0001:0001DB4C       AddSubComponentsToLoaded
 0001:00026E88       AdjustColor
 0001:0003BFEC       AdjustColors
 0001:0007019C       AdjustDecimalPosition
 0001:00007BD0       AdjustLineBreaks
 0001:00064628       Adjustment
 0001:000710EC       AdjustNibbles
 0001:00006120       AdjustWindowRectEx
 0002:0000094C       Alignments
 0002:00000A34       Alignments
 0002:00000A24       Alignments
 0002:0000098C       Alignments
 0002:00000E4C       Alignments
 0002:00000A60       Alignments
 0002:00000E3C       Alignments
 0002:00000CCC       AlignStyles
 0001:00056740       AlignWork
 0001:0006B56C       AlignWork
 0001:00021240       AllocateHWnd
 0001:0002EB50       AllocFilterStr
 0001:0000785C       AllocMem
 0002:000025B0       AllocMemCount
 0002:000025B4       AllocMemSize
 0001:0002C094       AllocPatternBitmap
 0001:000059FC       AllocTlsBuffer
 0002:00000E70       AnchorAlign
 0002:00000E64       AnimateWindowProc
 0002:00000F6C       AnimationStyle
 0001:00007AC0       AnsiCompareStr
 0001:00007B10       AnsiCompareText
 0001:00030104       AnsiIndexStr
 0001:00008370       AnsiLastChar
 0001:00006128       AnsiLower
 0001:00007A8C       AnsiLowerCase
 0001:0000C488       AnsiLowerCaseFileName
 0001:0000C44C       AnsiPos
 0001:0004DD40       AnsiSameCaption
 0001:00007AF8       AnsiSameStr
 0001:00007B48       AnsiSameText
 0001:00007B60       AnsiStrLIComp
 0001:0000C514       AnsiStrPos
 0001:0000C5D4       AnsiStrRScan
 0001:0000C61C       AnsiStrScan
 0001:00005798       AnsiToUtf8
 0001:00007A58       AnsiUpperCase
 0001:00013374       AnyToIntf
 0001:00009998       AppendChars
 0001:00009D64       AppendFormat
 0001:000099FC       AppendNumber
 0001:000099DC       AppendString
 0002:00002BE4       Application
 0002:000004D4       ApplicationHandleException
 0002:000004DC       ApplicationShowException
 0002:000010D4       AppVisible
 0001:0000BA58       AssertErrorHandler
 0002:00002020       AssertErrorProc
 0001:00016A84       AssignLongStr
 0001:00017100       AssignVariant
 0002:00003078       ATempPath
 0001:000742BC       atoi
 0002:00002608       avail
 0002:00003094       Aviso
 0001:000084B4       BackfillGetDiskFreeSpaceEx
 0001:00053B0C       BackgroundClipped
 0002:00001164       BackString
 0001:0000DC44       BackupVarBoolFromStr
 0001:0000DDA4       BackupVarBStrFromBool
 0001:0000DCC4       BackupVarBStrFromCy
 0001:0000DD34       BackupVarBStrFromDate
 0001:0000DBD8       BackupVarCyFromStr
 0001:0000DB6C       BackupVarDateFromStr
 0001:0000DA28       BackupVarI4FromStr
 0001:0000D9D4       BackupVariantChangeTypeEx
 0001:0000DA94       BackupVarR4FromStr
 0001:0000DB00       BackupVarR8FromStr
 0001:000716DC       BcdAdd
 0001:000712A0       BcdCompare
 0001:00071670       BcdDivide
 0001:00071520       BcdDivide
 0001:0006E978       BcdError
 0001:0006E908       BcdErrorFmt
 0001:000713BC       BcdMultiply
 0001:000714B4       BcdMultiply
 0001:00071B68       BcdScale
 0001:00071380       BcdSubtract
 0001:00071C00       BCDToCurr
 0001:0006F218       BcdToDouble
 0001:00071A24       BcdToStr
 0001:0000C054       Beep
 0001:00019B9C       BeginGlobalLoading
 0001:00006130       BeginPaint
 0001:00026E94       BetterSize
 0001:0004A34C       BiDiDraw
 0002:00002EA0       bind
 0001:00005EF8       BitBlt
 0002:00000C20       BitBtnCaptions
 0002:00002AE4       BitBtnGlyphs
 0002:00000C4C       BitBtnModalResults
 0002:00000BF4       BitBtnResNames
 0002:000007E0       BitmapCanvasList
 0002:000028F8       BitmapImageLock
 0001:0000DA10       BiUnimplemented
 0001:00070038       BlankArgument
 0002:000004FC       BlockCode
 0002:000025E0       blockDescBlockList
 0002:000025E4       blockDescFreeList
 0002:000004B8       BooleanIdents
 0002:00000430       BooleanToStringRule
 0001:00008190       BoolToStr
 0001:00012488       BoolToWStrViaOS
 0002:00000A4C       Borders
 0002:00000944       BorderStyles
 0002:00000A58       BorderStyles
 0001:00018B5C       Bounds
 0001:00005B58       Bounds
 0002:00000DE4       Breaks
 0002:00002930       BrushManager
 0001:0004CB20       BuildImage
 0002:000008EC       ButtonCaptions
 0002:00000C7C       ButtonCount
 0002:000008C0       ButtonNames
 0002:00000E60       Buttons
 0001:000407A4       Buttons
 0002:00000A1C       ButtonStyles
 0002:00002A54       ButtonWidths
 0001:00026660       BytesPerScanline
 0001:000269C4       ByteSwapColors
 0001:0000C138       ByteToCharIndex
 0001:0000C110       ByteToCharLen
 0001:0000C0D4       ByteType
 0001:0000C05C       ByteTypeTest
 0002:00002BD8       CachedComCtrlVer
 0001:0002117C       CalcJmpOffset
 0001:0005E49C       CalcSplitterPos
 0001:00006138       CallNextHookEx
 0001:0000CE28       CallTerminateProcs
 0001:00006140       CallWindowProc
 0001:00051FB0       CancelDrag
 0001:0006FFC8       CanUseShort
 0002:00002BA4       CanvasList
 0002:00002934       CanvasList
 0002:00000898       Captions
 0002:00000F28       CaptureControl
 0002:000030D4       Cartao_Evento
 0002:000030EC       cartao_tf
 0002:00000D84       cBooleanToItemAutoFlag
 0001:0002E460       CenterWindow
 0002:00002A86       CF_COMPONENT
 0002:00002A84       CF_PICTURE
 0002:00002814       ChangeAnyProc
 0001:000504C0       ChangeBiDiModeAlignment
 0002:000009D0       CharCases
 0002:0000096C       CharCases
 0001:00003978       CharFromWChar
 0001:0000C31C       CharLength
 0001:00006148       CharLowerBuff
 0001:00006150       CharNext
 0001:000002D4       CharNext
 0001:00024E64       CharsetToIdent
 0001:0000C224       CharToByteIndex
 0001:0000C288       CharToByteLen
 0001:00006158       CharToOemA
 0001:00006160       CharUpperBuff
 0002:000030DA       chave_1
 0002:000030DB       chave_2
 0001:00027478       CheckBool
 0002:000030DC       CheckBoxes
 0002:000030DD       CheckBoxes2
 0001:00002EFC       CheckJmp
 0001:00006168       CheckMenuItem
 0002:00000DD4       Checks
 0001:0001DB88       CheckSubComponents
 0001:0001FF54       CheckSynchronize
 0001:0006405C       CheckTaskWindow
 0001:00051C64       CheckUndock
 0001:0000BF48       CheckWin32Version
 0002:00000434       CInvalidCustomVariantType
 0002:00000D88       cItemAutoFlagToBoolean
 0002:00000D80       cItemAutoFlagToMenu
 0001:000213CC       Classes
 0001:00019608       ClassNotFound
 0002:00002810       ClearAnyProc
 0001:000246E4       ClearColor
 0001:00014AD4       ClearVariantTypeList
 0001:00006170       ClientToScreen
 0001:0005B9F0       ClientToWindow
 0002:000007D8       ClipboardFormats
 0001:000301C0       Clipbrd
 0001:00006178       CloseClipboard
 0001:00000274       CloseHandle
 0001:00005CA8       CloseHandle
 0002:00002EA4       closesocket
 0002:00002948       CloseThemeData
 0002:0000203C       CmdLine
 0002:00002038       CmdShow
 0002:000030CC       Cmd_Code
 0002:00000D7C       cMenuAutoFlagToItem
 0001:0000DA1C       CmpUnimplemented
 0002:00000558       Colors
 0001:00024C5C       ColorToIdent
 0002:00000A6C       ColorToPretyName
 0001:00024C4C       ColorToRGB
 0002:000009BC       ComboBoxStyles
 0002:000028D0       ComCtl32DLL
 0002:00002B38       ComCtlVersion
 0001:00046AEC       ComCtrls
 0002:00002B50       CommandPool
 0001:00023070       CommCtrl
 0001:0002DD54       CommDlg
 0001:0000083C       Commit
 0002:00002624       committedRoot
 0001:00071058       CompactBcd
 0001:0006F414       CompareDigits
 0001:00048A9C       CompareFront
 0001:000079C0       CompareMem
 0001:00070E28       CompareNormalizedFractions
 0001:00007990       CompareStr
 0001:00005CB0       CompareString
 0001:000079E0       CompareText
 0001:000080B8       CompareWith
 0001:0001DC68       ComponentCreated
 0001:00027238       ComputeAldusChecksum
 0001:00040938       ComStrs
 0001:00082AD4       Confirma
 0002:00002EA8       connect
 0001:00023370       Consts
 0001:00021758       Contnrs
 0002:00002B62       ControlAtom
 0002:00002B68       ControlAtomString
 0001:00068E10       ControlHasHelp
 0001:0005F138       Controls
 0001:0000B4A4       ConvertAddr
 0001:00009AF0       ConvertEraString
 0001:00007820       ConvertError
 0001:00007838       ConvertErrorFmt
 0001:00009C5C       ConvertYearString
 0001:000048D8       CopyArray
 0001:00029614       CopyBitmap
 0001:00029CDC       CopyBitmapAsMask
 0001:00005F00       CopyEnhMetaFile
 0001:0003FB1C       CopyImage
 0001:00040554       CopyImage
 0001:00029C78       CopyPalette
 0002:00001118       CopyRight
 0002:00000D14       Copyright
 0002:00001120       CopyRight
 0002:0000111C       CopyRight
 0001:0004BBCC       CopyToBest
 0001:0000C194       CountChars
 0002:00002910       CounterLock
 0002:00000438       CRangeToType
 0001:0000B99C       CreateAssertException
 0001:0000BB24       CreateAVObject
 0001:00005F08       CreateBitmap
 0001:00005F10       CreateBrushIndirect
 0001:00005F18       CreateCompatibleBitmap
 0001:00005F20       CreateCompatibleDC
 0001:0001DCE8       CreateComponent
 0001:00005F30       CreateDIBitmap
 0001:00005F28       CreateDIBSection
 0001:00005CB8       CreateEvent
 0001:00005CC0       CreateFile
 0001:0000027C       CreateFileA
 0001:00005F38       CreateFontIndirect
 0001:00005F40       CreateHalftonePalette
 0001:00006180       CreateIcon
 0001:0000B8C8       CreateInOutError
 0001:00006188       CreateMenu
 0001:0002F878       CreateMessageDialog
 0001:00005F48       CreatePalette
 0001:00005F50       CreatePenIndirect
 0001:00006190       CreatePopupMenu
 0001:00005F58       CreateSolidBrush
 0001:00026A1C       CreateSystemPalette
 0001:00005CC8       CreateThread
 0001:0000675C       CreateWindow
 0001:00006704       CreateWindowEx
 0002:00000834       CreationControl
 0002:00000E68       CreationControl
 0002:000004A4       CRelationshipToBoolean
 0002:0000041C       CResult
 0002:0000013C       cSimpleBoolStrs
 0002:0000044C       CText
 0002:00000F64       Ctl3DStyles
 0002:00000A14       Ctl3DStyles
 0002:0000261C       curAlloc
 0002:00002684       CurrencyDecimals
 0002:00002680       CurrencyFormat
 0002:0000267C       CurrencyString
 0001:00009984       CurrentYear
 0001:00071B74       CurrToBCD
 0001:000093E0       CurrToStr
 0001:00012418       CurrToWStrViaOS
 0002:00001058       CursorMap
 0002:00000E78       Cursors
 0001:000507E0       CursorToIdent
 0002:00001048       cUseAlpha
 0002:00001050       cUseColorKey
 0002:00000314       CVarTypeToElementInfo
 0001:00007DDC       CvtInt
 0001:00007E48       CvtInt64
 0002:00001114       CWNear
 0002:0000017C       CWNear
 0002:000030FC       DadosDaMemoria
 0001:0003C9B0       DataTypeToRegData
 0002:00002685       DateSeparator
 0001:0000A5B0       DateTimeToStr
 0001:0000A53C       DateTimeToString
 0001:000094DC       DateTimeToTimeStamp
 0001:00012450       DateToWStrViaOS
 0001:000098D8       DayOfWeek
 0001:0006E650       DBConsts
 0002:00000178       DCon10
 0002:00000554       DDBsOnly
 0001:000212F4       DeallocateHWnd
 0002:00000028       DebugHook
 0002:00002683       DecimalSeparator
 0001:000142C0       DecIndices
 0001:000098B8       DecodeDate
 0001:00009768       DecodeDateFully
 0001:000095D0       DecodeTime
 0001:000008FC       Decommit
 0001:00001028       DecommitFree
 0002:000025F8       decommittedRoot
 0001:0006C1A8       Default
 0001:00066A90       Default
 0002:00000020       Default8087CW
 0002:00000E6C       DefaultDockTreeClass
 0002:00000034       DefaultTextLineBreakStyle
 0002:000025BC       DefaultUserCodePage
 0002:000007A8       DefBrushData
 0002:00000528       DefFontData
 0001:00006198       DefFrameProc
 0002:00000208       DefLongDayNames
 0002:000001BC       DefLongMonthNames
 0001:000061A0       DefMDIChildProc
 0002:00000788       DefPenData
 0002:000001EC       DefShortDayNames
 0002:0000018C       DefShortMonthNames
 0001:000061A8       DefWindowProc
 0001:00004C64       DelayLoadResourceModule
 0001:00000518       DeleteBlock
 0001:00000428       DeleteCriticalSection
 0001:00005CD0       DeleteCriticalSection
 0001:00005F60       DeleteDC
 0001:00005F68       DeleteEnhMetaFile
 0001:00000E10       DeleteFree
 0001:000061B0       DeleteMenu
 0001:00005F70       DeleteObject
 0001:00038C04       DeleteSelectedText
 0001:000291D0       DeselectBitmap
 0001:000061B8       DestroyCursor
 0001:000061C0       DestroyIcon
 0001:00040664       DestroyLocals
 0001:000061C8       DestroyMenu
 0001:000061D0       DestroyWindow
 0001:0002D954       DialogEnumerationTester
 0001:0002E514       DialogHook
 0001:000300C4       Dialogs
 0002:000007E4       DIBPalSizes
 0002:00000090       dig
 0001:00063E98       DisableTaskWindows
 0001:000061D8       DispatchMessage
 0001:0006A0F0       DispatchShortCut
 0002:00002000       DispCallByIDProc
 0001:00007804       DivMod
 0001:0002DD8C       Dlgs
 0001:0006B420       DoAlign
 0001:000565D0       DoAlign
 0001:0005A6D0       DoCalcConstraints
 0002:00002B98       DockSiteList
 0001:0004C7EC       DoClick
 0001:00057D1C       DoControlMsg
 0001:00063E48       DoDisableWindow
 0001:00051584       DoDragOver
 0001:0000787C       DoExitProc
 0001:0005C74C       DoFindControlZone
 0001:00063F9C       DoFindWindow
 0001:0005CCD8       DoFindZone
 0001:0005C7D0       DoForEach
 0001:0005E100       DoGetNextLimit
 0001:00063E10       DoneApplication
 0001:0005EE60       DoneControls
 0001:0000BE58       DoneExceptions
 0001:0006846C       DoNestedActivation
 0001:0001FF14       DoneThreadSynchronization
 0001:0006D56C       DoOnHelp
 0001:00056190       DoPosition
 0001:0006B270       DoPosition
 0001:0005D728       DoPrune
 0001:0003B4A8       DoRect
 0001:0005DC00       DoSaveZone
 0001:0005DE04       DoSetNewBounds
 0002:000004C0       DotSep
 0002:00000C80       DownStyles
 0001:000605DC       DoWrite
 0001:0001B1BC       DoWrite
 0001:000282EC       DoWrite
 0001:000276D0       DoWrite
 0001:00057304       DoWriteDesignSize
 0001:00054C50       DoWriteIsControl
 0002:00002B7C       DragCapture
 0002:00002B70       DragControl
 0001:00051CD8       DragDone
 0001:0005152C       DragFindTarget
 0001:00051500       DragFindWindow
 0002:00002B94       DragImageList
 0001:00051930       DragInit
 0001:00051AA0       DragInitControl
 0002:00002B78       DragInternalObject
 0001:00051448       DragMessage
 0002:00002B74       DragObject
 0002:00002BA0       DragSave
 0002:00002B88       DragSaveCursor
 0002:00002B80       DragStartPos
 0002:00002B8C       DragThreshold
 0001:00051660       DragTo
 0001:0006C1E4       DrawAppIcon
 0001:0005D294       DrawCloseButton
 0001:000061E0       DrawEdge
 0001:000061E8       DrawFocusRect
 0001:000061F0       DrawFrameControl
 0001:0005D2EC       DrawGrabberLine
 0001:000061F8       DrawIcon
 0001:00006200       DrawIconEx
 0002:00000FA0       DrawingStyles
 0001:00006208       DrawMenuBar
 0001:0004DB5C       DrawMenuItem
 0001:00006210       DrawText
 0002:0000294C       DrawThemeBackground
 0002:00002970       DrawThemeEdge
 0002:00002974       DrawThemeIcon
 0002:000029F8       DrawThemeParentBackground
 0002:00002950       DrawThemeText
 0001:000264E0       DupBits
 0001:00014268       DynArrayBounds
 0001:000048F0       DynArrayClear
 0001:000141C0       DynArrayDim
 0001:0001419C       DynArrayElTypeInfo
 0001:00014768       DynArrayFromVariant
 0001:00014158       DynArrayIndex
 0001:000048F8       DynArraySetLength
 0001:000141E8       DynArraySize
 0001:000143E4       DynArrayToVariant
 0001:0001432C       DynArrayVariantBounds
 0001:0001439C       DynArrayVarType
 0002:00000E44       EdgeStyle
 0002:00000F54       EdgeStyles
 0002:00000A04       EdgeStyles
 0001:0000B89C       EHeapException.FreeInstance
 0001:0007CA44       EIdSocketError.CreateError
 0001:0007CD14       EIdWS2StubError.Build
 0002:00000988       Empty
 0001:00006218       EmptyClipboard
 0002:000027FC       EmptyParam
 0002:000000C0       EmptyStr
 0002:000000C4       EmptyWideStr
 0001:00006220       EnableMenuItem
 0002:00000DDC       Enables
 0001:00006228       EnableScrollBar
 0001:00063F4C       EnableTaskWindows
 0002:000029E0       EnableThemeDialogTexture
 0002:000029FC       EnableTheming
 0001:00006230       EnableWindow
 0001:00009738       EncodeDate
 0001:00009590       EncodeTime
 0001:00019C24       EndGlobalLoading
 0001:00006238       EndPaint
 0001:00005CD8       EnterCriticalSection
 0001:00000418       EnterCriticalSection
 0001:00005CE0       EnumCalendarInfoA
 0002:000028B4       EnumDisplayMonitors
 0001:0000B118       EnumEraNames
 0001:0000B154       EnumEraYearOffsets
 0001:00067054       EnumMonitorsProc
 0001:00006240       EnumThreadWindows
 0001:0001D498       EnumValue
 0001:00006248       EnumWindows
 0001:00006250       EqualRect
 0002:0000274C       EraNames
 0001:0000A83C       EraToYear
 0002:00002768       EraYearOffsets
 0002:00000068       errCaption
 0001:000487EC       Error
 0001:00001C68       Error
 0001:000191AC       Error
 0001:0001CC7C       Error
 0002:00000004       ErrorAddr
 0001:00001C1C       ErrorAt
 0001:0000B948       ErrorHandler
 0002:00000224       ErrorMap
 0002:00002008       ErrorProc
 0002:000023E4       ErrOutput
 0002:000030D9       estado
 0001:00001BA8       ExceptAddr
 0002:0000200C       ExceptClsProc
 0001:0000BDC4       ExceptHandler
 0001:0000B710       Exception.Create
 0001:0000B74C       Exception.CreateFmt
 0001:0000B7CC       Exception.CreateRes
 0001:0000B808       Exception.CreateResFmt
 0002:0000201C       ExceptionClass
 0001:0000B4B0       ExceptionErrorMessage
 0002:0000025C       ExceptMap
 0001:00001B88       ExceptObject
 0002:00002010       ExceptObjProc
 0002:00002004       ExceptProc
 0001:00005F78       ExcludeClipRect
 0002:00000000       ExitCode
 0001:000036A4       ExitDll
 0002:00002044       ExitProc
 0001:000002DC       ExitProcess
 0002:00002024       ExitProcessProc
 0002:00000138       ExitProcList
 0001:00008478       ExpandFileName
 0001:0002E7EC       ExplorerHook
 0001:000408C0       ExtActns
 0001:0003C770       ExtCtrls
 0001:000407FC       ExtDlgs
 0001:00008430       ExtractFileExt
 0001:000083F8       ExtractFileName
 0001:0002EE7C       ExtractFileName
 0001:0002EECC       ExtractFileNames
 0001:00005F80       ExtTextOut
 0002:00002CA4       FAccept
 0002:00002788       FalseBoolStrs
 0002:00002CA0       FBind
 0002:00002A8C       FClipboard
 0002:00002C9C       FCloseSocket
 0002:0000016C       FCon1E18
 0002:00002C98       FConnect
 0002:00001110       FConst10
 0002:00001138       FDll2Handle
 0002:00001134       FDllHandle
 0001:0007F2D4       Fetch
 0001:0007F1EC       FetchCaseInsensitive
 0002:00002C44       FGetHostByAddr
 0002:00002C40       FGetHostByName
 0002:00002C48       FGetHostName
 0002:00002C94       FGetPeerName
 0002:00002C3C       FGetProtoByName
 0002:00002C38       FGetServByName
 0002:00002C90       FGetSockName
 0002:00002C58       FGetSockOpt
 0002:00002C8C       Fhtonl
 0002:00002C88       Fhtons
 0002:00003074       FIdPorts
 0001:000082F8       FileAge
 0001:000082F0       FileClose
 0001:00008258       FileCreate
 0001:00008234       FileCreate
 0001:00008360       FileExists
 0002:000007DC       FileFormats
 0002:00000008       FileMode
 0001:00001E58       FileNOPProc
 0001:000081DC       FileOpen
 0001:00008260       FileRead
 0002:000004EC       FilerSignature
 0001:000082B8       FileSeek
 0001:00005CE8       FileTimeToDosDateTime
 0001:00005CF0       FileTimeToLocalFileTime
 0001:0000828C       FileWrite
 0001:00000F48       FillAfterGap
 0001:00000EE8       FillBeforeGap
 0001:00000FE8       FillerSizeAfterGap
 0001:00000F70       FillerSizeBeforeGap
 0001:00006258       FillRect
 0002:00000C88       FillStyles
 0001:0002CF48       Finalization
 0001:0002CEDC       Finalization
 0001:0006E570       Finalization
 0001:0007F38C       Finalization
 0001:0006E620       Finalization
 0001:0002CEA4       Finalization
 0001:0002CE6C       Finalization
 0001:0002CE34       Finalization
 0001:0002CDC4       Finalization
 0001:00006BFC       Finalization
 0001:0001584C       Finalization
 0001:0002DBCC       Finalization
 0001:0002131C       Finalization
 0001:000068AC       Finalization
 0001:00021470       Finalization
 0001:00021728       Finalization
 0001:0002DCA0       Finalization
 0001:0007FD50       Finalization
 0001:00022710       Finalization
 0001:0007DDC8       Finalization
 0001:00005B74       Finalization
 0001:00022EA0       Finalization
 0001:0003CF58       Finalization
 0001:00023040       Finalization
 0001:00023340       Finalization
 0001:0007FF0C       Finalization
 0001:0002DCD8       Finalization
 0001:00005AE4       Finalization
 0001:0002DD24       Finalization
 0001:000802E8       Finalization
 0001:00061F9C       Finalization
 0001:0002DD5C       Finalization
 0001:00060D2C       Finalization
 0001:00071C98       Finalization
 0001:0007C830       Finalization
 0001:0005F0D0       Finalization
 0001:0000D774       Finalization
 0001:00080520       Finalization
 0001:0000D974       Finalization
 0001:000058B4       Finalization
 0001:0007CA8C       Finalization
 0001:00071D28       Finalization
 0001:000726A4       Finalization
 0001:000728F4       Finalization
 0001:00030068       Finalization
 0001:0007DD80       Finalization
 0001:000991B8       Finalization
 0001:0007CC2C       Finalization
 0001:00099318       Finalization
 0001:0000E190       Finalization
 0001:0007CC64       Finalization
 0001:0002C0CC       Finalization
 0001:0003014C       Finalization
 0001:00015A88       Finalization
 0001:0002C29C       Finalization
 0001:00030184       Finalization
 0001:00030348       Finalization
 0001:0002C440       Finalization
 0001:00030660       Finalization
 0001:0004DE3C       Finalization
 0001:0007EEEC       Finalization
 0001:000172FC       Finalization
 0001:0003A344       Finalization
 0001:000172A4       Finalization
 0001:00047838       Finalization
 0001:00046A74       Finalization
 0001:0003C728       Finalization
 0001:00040940       Finalization
 0001:00040908       Finalization
 0001:00040870       Finalization
 0001:00040818       Finalization
 0001:000407CC       Finalization
 0001:0004076C       Finalization
 0001:0003C7A0       Finalization
 0001:0003C7D8       Finalization
 0001:0003C828       Finalization
 0001:000048E8       FinalizeArray
 0001:000034B8       FinalizeUnits
 0001:0004C5AC       Find
 0001:00004CF4       FindBS
 0001:000196C8       FindClass
 0001:00004C5C       FindClassHInstance
 0001:000002EC       FindClose
 0001:00005CF8       FindClose
 0001:00000EA4       FindCommitted
 0001:000505C0       FindControl
 0001:0005CF04       FindControlAtPos
 0001:0001575C       FindCustomVariantType
 0001:000156A4       FindCustomVariantType
 0001:00051FFC       FindDragTarget
 0001:0001DE98       FindExistingComponent
 0001:000002F4       FindFirstFile
 0001:00005D00       FindFirstFile
 0001:00019AB4       FindGlobalComponent
 0001:000640A8       FindGlobalComponent
 0002:00002860       FindGlobalComponentProcs
 0001:00004C34       FindHInstance
 0001:0001995C       FindIdentToInt
 0002:00002A50       FindMsg
 0001:0001D028       FindNestedComponent
 0001:000487B4       FindPopupControl
 0001:0000DE58       FindProc
 0001:00005D08       FindResource
 0001:00004CAC       FindResourceHInstance
 0001:0006DDA0       FindScanline
 0001:00064000       FindTopMostWindow
 0001:0001ED7C       FindUniqueName
 0001:00013B9C       FindVarData
 0001:00051FC8       FindVCLWindow
 0001:00006260       FindWindow
 0001:0002D9AC       FindWinHelp
 0002:00002C84       FInet_addr
 0002:00002C80       FInet_ntoa
 0002:00002C78       FIoctlSocket
 0001:000295C8       FixupBitFields
 0002:00000E54       Flags
 0002:00002798       FLanguages
 0001:00030690       FlatSB
 0002:00002A94       FlatSB_EnableScrollBar
 0002:00002AA0       FlatSB_GetScrollInfo
 0002:00002AA4       FlatSB_GetScrollPos
 0002:00002A9C       FlatSB_GetScrollRange
 0002:00002AAC       FlatSB_SetScrollInfo
 0002:00002AA8       FlatSB_SetScrollPos
 0001:00030380       FlatSB_SetScrollProp
 0002:00002AB0       FlatSB_SetScrollRange
 0002:00002A98       FlatSB_ShowScrollBar
 0002:00002C74       FListen
 0001:00009070       FloatToDecimal
 0001:000093B0       FloatToStr
 0001:00008D9C       FloatToText
 0001:00002124       Flush
 0002:00000180       FMSecsPerDay
 0001:00071CD4       FMTBcd
 0002:000010DC       FMTBcdVariantType
 0001:00008C90       FmtStr
 0002:00002C70       Fntohl
 0002:00002C6C       Fntohs
 0002:00000FCC       FocusCount
 0002:00000FC8       FocusMessages
 0002:000006F8       FontCharsets
 0002:00002928       FontManager
 0002:00002C4C       FOpenSocket
 0002:00000830       ForceCurrentDirectory
 0001:0006407C       ForegroundTask
 0002:000030A0       Form1
 0001:00008C7C       Format
 0002:00000188       Format
 0001:0000886C       FormatBuf
 0001:00008860       FormatClearStr
 0001:0000A5C4       FormatDateTime
 0001:000087E4       FormatError
 0002:00000164       FormatErrorStrs
 0001:00005D10       FormatMessage
 0001:0000883C       FormatVarToStr
 0001:0006E5CC       Forms
 0001:00002614       FPower10
 0002:0000082C       FPrinter
 0001:000718DC       FractionToStr
 0001:0003B56C       Frame3D
 0001:00006268       FrameRect
 0002:000030B4       Frame_Addr
 0002:000030B8       Frame_CheckSum
 0002:000030D0       Frame_Data
 0002:000030B0       Frame_Size
 0002:000030A8       Frame_Start
 0002:000030AC       Frame_Stop
 0002:00002C64       FRecv
 0002:00002C68       FRecvFrom
 0001:0000D354       FreeAndNil
 0001:00000BA4       FreeCommitted
 0001:000011DC       FreeCurAlloc
 0001:000520BC       FreeDeviceContext
 0001:00052178       FreeDeviceContexts
 0001:000210E8       FreeIntConstList
 0001:00005D18       FreeLibrary
 0001:000002FC       FreeLibrary
 0001:00029124       FreeMemoryContexts
 0001:00064128       FreeObjectInstance
 0001:0002121C       FreeObjectInstance
 0001:00005D28       FreeResource
 0001:00000774       FreeSpace
 0001:0000CE54       FreeTerminateProcs
 0001:0002C478       FreeThemeLibrary
 0002:00002B34       FRichEditModule
 0002:00002C60       FSend
 0002:00002C5C       FSendTo
 0002:00002C54       FSetSockOpt
 0002:00002C50       FShutdown
 0002:00002C30       FWSAAsyncGetHostByAddr
 0002:00002C2C       FWSAAsyncGetHostByName
 0002:00002C34       FWSAAsyncSelect
 0002:00002C28       FWSACancelAsyncRequest
 0002:00002C1C       FWSACleanup
 0002:00002C24       FWSAGetLastError
 0002:00002C7C       FWSAIoctl
 0002:00002C20       FWSASetLastError
 0002:00002C18       FWSAStartup
 0002:00002E44       GClassCritSect
 0001:000264D0       GDICheck
 0001:00026428       GDIError
 0001:00001D64       Get8087CW
 0002:00003050       GetAcceptExSockaddrs
 0001:00005D30       GetACP
 0001:00006270       GetActiveWindow
 0001:00076D78       GetAliasList
 0001:0006B8FC       GetAnimation
 0001:0002F1D0       GetAveCharSize
 0001:0003DC2C       GetBitBtnGlyph
 0001:00005F88       GetBitmapBits
 0001:00000430       GetBlockDesc
 0001:00005F90       GetBrushOrgEx
 0001:00006278       GetCapture
 0001:000508DC       GetCaptureControl
 0001:00019674       GetClass
 0001:00006280       GetClassInfo
 0001:00006288       GetClassName
 0001:00006290       GetClientRect
 0001:00006298       GetClipboardData
 0001:00027E98       GetClipboardFormats
 0001:00005F98       GetClipBox
 0001:000003CC       GetCmdShow
 0001:0005F3C4       GetColor
 0001:00042F18       GetComCtlVersion
 0001:00000304       GetCommandLine
 0001:000009B8       GetCommitted
 0001:00000A60       GetCommittedAt
 0001:000578D0       GetControlAtPos
 0001:00009A48       GetCount
 0001:00005D38       GetCPInfo
 0001:00005FA0       GetCurrentPositionEx
 0001:00005D40       GetCurrentProcessId
 0002:000029F0       GetCurrentThemeName
 0001:000003BC       GetCurrentThreadId
 0001:00005D48       GetCurrentThreadId
 0001:00006668       GetCurrentTime
 0001:000062A0       GetCursor
 0001:0006DDB0       GetCursorHeightMargin
 0001:000062A8       GetCursorPos
 0001:00009A78       GetDate
 0001:00005D50       GetDateFormat
 0001:0000A754       GetDateOrder
 0001:000062B0       GetDC
 0001:000062B8       GetDCEx
 0001:00005FA8       GetDCOrgEx
 0001:0002BCD4       GetDefFontCharSet
 0001:0001A804       GetDesigner
 0001:000062C0       GetDesktopWindow
 0001:00005FC0       GetDeviceCaps
 0001:00027460       GetDIB
 0001:00005FB0       GetDIBColorTable
 0001:00005FB8       GetDIBits
 0001:000273A8       GetDIBSizes
 0001:00026640       GetDInColors
 0001:00005D58       GetDiskFreeSpaceA
 0002:00000134       GetDiskFreeSpaceEx
 0001:000062C8       GetDlgItem
 0001:0005E1E0       GetDockAlign
 0001:0005128C       GetDockSiteAtPos
 0001:000515C0       GetDropCtl
 0001:00002CA4       GetDynaMethod
 0001:00005FC8       GetEnhMetaFileBits
 0001:00005FD0       GetEnhMetaFileHeader
 0001:00005FD8       GetEnhMetaFilePaletteEntries
 0001:00016374       GetEnumName
 0001:0001644C       GetEnumNameValue
 0001:000166C8       GetEnumProp
 0001:00016498       GetEnumValue
 0001:0000B1CC       GetEraNamesAndYearOffsets
 0001:0000A7E8       GetEraYearOffset
 0001:0000BB0C       GetExceptionClass
 0001:0000BCF8       GetExceptionObject
 0001:0007E420       GetFDSet
 0001:000195FC       GetFieldClassTable
 0001:00027E78       GetFileFormats
 0001:00005D60       GetFileSize
 0001:0000028C       GetFileSize
 0001:00000284       GetFileType
 0001:0000BF68       GetFileVersion
 0001:00005EE0       GetFileVersionInfo
 0001:00005EE8       GetFileVersionInfoSize
 0001:00016DF0       GetFloatProp
 0001:000062D0       GetFocus
 0001:00024E84       GetFontData
 0001:000062D8       GetForegroundWindow
 0001:0000C8C8       GetFormatSettings
 0001:00005D68       GetFullPathName
 0001:000243CC       GetHashCode
 0001:00068E48       GetHelpInfo
 0001:00021BA8       GetHelpSystem
 0001:0006B6E0       GetHint
 0001:0006B718       GetHintControl
 0002:00002EF8       gethostbyaddr
 0001:00071D00       gethostbyname
 0002:00002EFC       gethostbyname
 0002:00002F00       gethostname
 0001:00071D08       gethostname
 0001:0004DCDC       GetHotkey
 0001:000062E0       GetIconInfo
 0001:000171CC       GetInt64Prop
 0001:00076D00       GetIPList
 0001:00080124       getIPs
 0001:000062F8       GetKeyboardLayout
 0001:00006300       GetKeyboardLayoutList
 0001:00006308       GetKeyboardState
 0001:00002900       GetKeyboardType
 0001:000062E8       GetKeyNameText
 0001:000062F0       GetKeyState
 0001:00006310       GetLastActivePopup
 0001:0005C480       GetLastChildZone
 0001:00005D70       GetLastError
 0001:0000030C       GetLastError
 0001:0000AF90       GetLocaleChar
 0001:00005D80       GetLocaleInfo
 0001:00000314       GetLocaleInfo
 0001:0000AF44       GetLocaleStr
 0001:00005D78       GetLocalTime
 0001:00050844       GetLongHint
 0001:00016A98       GetLongStrProp
 0001:00006318       GetMenu
 0001:00068DD0       GetMenuHelpContext
 0001:00006320       GetMenuItemCount
 0001:00006328       GetMenuItemID
 0001:00006330       GetMenuItemInfo
 0001:0004ADF8       GetMenuSize
 0001:00006338       GetMenuState
 0001:00006340       GetMenuString
 0001:00005D88       GetModuleFileName
 0001:0000031C       GetModuleFileName
 0001:00000324       GetModuleHandle
 0001:00005D90       GetModuleHandle
 0001:000059DC       GetModuleHandle
 0002:000028A8       GetMonitorInfo
 0002:000028AC       GetMonitorInfoA
 0002:000028B0       GetMonitorInfoW
 0001:0000AFF4       GetMonthDayNames
 0001:00006348       GetNextWindow
 0001:00005FE0       GetObject
 0001:0002DD1C       GetOpenFileName
 0001:000165F8       GetOrdProp
 0001:00005FE8       GetPaletteEntries
 0001:00006350       GetParent
 0001:0006427C       GetParentForm
 0002:00002EB0       getpeername
 0001:00005FF0       GetPixel
 0001:00005D98       GetProcAddress
 0001:0000032C       GetProcAddress
 0001:00006358       GetProp
 0001:0001656C       GetPropInfo
 0001:00015CF4       GetPropInfo
 0001:000164FC       GetPropInfo
 0001:00015D14       GetPropInfo
 0001:000165A4       GetPropInfos
 0001:00015D34       GetPropValue
 0002:00002F10       getprotobyname
 0002:00002F0C       getprotobynumber
 0001:0006473C       GetRealScrollPosition
 0001:0005F3A4       GetRGBColor
 0001:00006360       GetScrollInfo
 0001:00006368       GetScrollPos
 0001:00006370       GetScrollRange
 0002:00002F08       getservbyname
 0002:00002F04       getservbyport
 0001:0001673C       GetSetProp
 0001:00050800       GetShortHint
 0001:00016990       GetShortStrProp
 0001:00016A28       GetShortStrPropAsLongStr
 0002:00002EB4       getsockname
 0002:00002EB8       getsockopt
 0001:00000698       GetSpace
 0001:000006FC       GetSpaceAt
 0001:00048844       GetSpecialName
 0001:00000334       GetStartupInfo
 0001:00005DA0       GetStdHandle
 0001:00000294       GetStdHandle
 0001:00005FF8       GetStockObject
 0001:00005DA8       GetStringTypeEx
 0001:00016BC8       GetStrProp
 0001:00006378       GetSubMenu
 0001:00006380       GetSysColor
 0001:00006388       GetSysColorBrush
 0001:00005DB0       GetSystemInfo
 0001:00006390       GetSystemMenu
 0002:00002898       GetSystemMetrics
 0001:00006398       GetSystemMetrics
 0001:00006000       GetSystemPaletteEntries
 0001:00005DB8       GetTempPath
 0001:00006010       GetTextExtentPoint
 0001:00006008       GetTextExtentPoint32
 0001:00006018       GetTextMetrics
 0002:000029E8       GetThemeAppProperties
 0002:00002954       GetThemeBackgroundContentRect
 0002:00002958       GetThemeBackgroundExtent
 0002:00002968       GetThemeBackgroundRegion
 0002:0000298C       GetThemeBool
 0002:00002980       GetThemeColor
 0002:000029F4       GetThemeDocumentationProperty
 0002:00002994       GetThemeEnumValue
 0002:000029B4       GetThemeFilename
 0002:0000299C       GetThemeFont
 0002:00002990       GetThemeInt
 0002:000029A8       GetThemeIntList
 0002:000029A4       GetThemeMargins
 0002:00002984       GetThemeMetric
 0002:0000295C       GetThemePartSize
 0002:00002998       GetThemePosition
 0002:000029AC       GetThemePropertyOrigin
 0002:000029A0       GetThemeRect
 0002:00002988       GetThemeString
 0002:000029C0       GetThemeSysBool
 0002:000029B8       GetThemeSysColor
 0002:000029BC       GetThemeSysColorBrush
 0002:000029C8       GetThemeSysFont
 0002:000029D0       GetThemeSysInt
 0002:000029C4       GetThemeSysSize
 0002:000029CC       GetThemeSysString
 0002:00002960       GetThemeTextExtent
 0002:00002964       GetThemeTextMetrics
 0001:0000033C       GetThreadLocale
 0001:00005DC0       GetThreadLocale
 0001:00005DC8       GetTickCount
 0001:00009AB0       GetTime
 0001:00005A08       GetTlsSize
 0001:0006BEC0       GetTopMostWindows
 0001:000509E8       GetTopParent
 0001:000063A0       GetTopWindow
 0001:00016368       GetTypeData
 0001:0006F4C8       GetValueAndMultiplyOrder
 0001:00013CD8       GetVarDataArrayInfo
 0001:00017114       GetVariantProp
 0001:00005DD0       GetVersion
 0001:000003C4       GetVersion
 0001:00005DD8       GetVersionEx
 0001:00016C34       GetWideStrProp
 0001:00016B18       GetWideStrPropAsLongStr
 0001:000063A8       GetWindow
 0001:000063B0       GetWindowDC
 0001:000063B8       GetWindowLong
 0001:00006028       GetWindowOrgEx
 0001:000063C0       GetWindowPlacement
 0001:000063C8       GetWindowRect
 0001:000063D0       GetWindowText
 0002:000029DC       GetWindowTheme
 0001:000063D8       GetWindowThreadProcessId
 0001:000063E0       GetWindowThreadProcessId
 0001:00006020       GetWinMetaFileBits
 0002:00002CB0       GInitData
 0001:00005DE0       GlobalAddAtom
 0001:00005DE8       GlobalAlloc
 0001:00006674       GlobalAllocPtr
 0001:00005DF0       GlobalDeleteAtom
 0001:00005DF8       GlobalFindAtom
 0002:00002864       GlobalFixupList
 0001:0001D170       GlobalFixupReferences
 0001:00005E00       GlobalFree
 0001:000066A0       GlobalFreePtr
 0001:00005E10       GlobalHandle
 0001:00005E08       GlobalLock
 0002:00002848       GlobalNameSpace
 0001:00005E18       GlobalReAlloc
 0001:00006684       GlobalReAllocPtr
 0001:00005E20       GlobalUnlock
 0002:00000C78       GlyphCache
 0001:0002C1A0       Graphics
 0002:00001130       GReqVerHigh
 0002:0000112C       GReqVerLow
 0002:00000D00       GripStyles
 0001:000197F0       GroupDescendentsWith
 0002:00002E74       GSendBufCritSect
 0002:00001750       GServeFileProc
 0002:0000307C       GSocketListClass
 0002:0000174C       GStackClass
 0002:000016AC       GStarted
 0002:00002E5C       GWSockCritSect
 0001:0000EDE4       HandleConversionException
 0001:00069050       HandleEdge
 0001:0001E5D4       HandleException
 0001:000358BC       HasPopup
 0001:00038BD8       HasSelectedText
 0002:00000024       HeapAllocFlags
 0002:000025C4       heapErrorCode
 0002:000025C8       heapLock
 0001:00022750       HelpIntfs
 0002:00002894       HelpManager
 0002:00002A4C       HelpMsg
 0002:00002A30       HelpViewer
 0002:00002A34       HelpViewerIntf
 0002:00000130       HexDisplayPrefix
 0002:00000978       HideSelections
 0001:0005E25C       HideZone
 0002:00002664       HInstance
 0002:00002BF8       HintDoneEvent
 0001:0006B7E8       HintGetMsgHook
 0002:00002BFC       HintHook
 0001:0006B78C       HintMouseThread
 0002:00002C00       HintThread
 0002:00002BF4       HintThreadID
 0001:0006B738       HintTimerProc
 0002:00000FC0       HintWindowClass
 0002:0000296C       HitTestThemeBackground
 0001:0006B82C       HookHintHooks
 0002:00002EBC       htonl
 0001:00071CF0       htonl
 0002:00002EC0       htons
 0001:000067B4       HwndMSWheel
 0002:00001168       hWS2Dll
 0002:00000DF8       IBreaks
 0002:00000E04       IChecks
 0002:000008AC       IconIDs
 0001:000726E0       IcsLogger
 0001:000720CC       IcsLoggerAddTimeStamp
 0002:00000E0C       IDefaults
 0001:00024E74       IdentToCharset
 0001:00024C6C       IdentToColor
 0001:000507F0       IdentToCursor
 0001:000199D8       IdentToInt
 0001:0007CABC       IdException
 0001:0007F448       IdGlobal
 0001:0007CC5C       IdResourceStrings
 0001:0007FD80       IdStack
 0001:0007DDF8       IdStackConsts
 0001:0007EF30       IdStackWindows
 0001:0007CC94       IdURI
 0001:0007DDB8       IdWinSock2
 0002:00000E14       IEnables
 0001:0004BB9C       IfHotkeyAvailable
 0002:00002BDC       ImageListWriteExProc
 0001:00022F94       ImageList_Add
 0001:00022FB4       ImageList_AddIcon
 0001:00022FE0       ImageList_BeginDrag
 0001:00022F7C       ImageList_Create
 0001:00022F84       ImageList_Destroy
 0001:00022FF0       ImageList_DragEnter
 0001:00022FF8       ImageList_DragLeave
 0001:00023000       ImageList_DragMove
 0001:00023010       ImageList_DragShowNolock
 0001:00022FC0       ImageList_Draw
 0001:00022FD0       ImageList_DrawEx
 0001:00022FE8       ImageList_EndDrag
 0001:00022FAC       ImageList_GetBkColor
 0001:00023018       ImageList_GetDragImage
 0001:00023030       ImageList_GetIconSize
 0001:00022F8C       ImageList_GetImageCount
 0001:00023020       ImageList_Read
 0001:00022FD8       ImageList_Remove
 0001:00022FC8       ImageList_Replace
 0001:00022F9C       ImageList_ReplaceIcon
 0001:00022FA4       ImageList_SetBkColor
 0001:00023008       ImageList_SetDragCursorImage
 0001:00023038       ImageList_SetIconSize
 0001:00023028       ImageList_Write
 0002:00000FB0       Images
 0001:00060D5C       ImgList
 0001:0002C2CC       Imm
 0002:00000F94       IMM32DLL
 0001:0005EE4C       Imm32IsIME
 0002:00000184       IMSecsPerDay
 0001:0000F170       InBounds
 0001:0000EED0       InBounds
 0001:0000C40C       IncludeTrailingPathDelimiter
 0001:0007F088       IncludeTrailingSlash
 0001:0000F1A0       Increment
 0001:0000EF00       Increment
 0002:00003068       IndyFalseBoolStrs
 0002:000016FC       IndyPos
 0002:0000306C       IndyTrueBoolStrs
 0002:00002EC4       inet_addr
 0002:00002EC8       inet_ntoa
 0001:00071CF8       inet_ntoa
 0001:000063E8       InflateRect
 0001:0003C870       IniFiles
 0001:00000C38       InitAllocator
 0001:00022758       InitAnApi
 0002:000028C0       InitApis
 0001:00022EE8       InitComCtl
 0001:00042EEC       InitCommonControl
 0001:00022EE0       InitCommonControls
 0001:00022F48       InitCommonControlsEx
 0001:00019C80       InitComponent
 0002:00002634       InitContext
 0001:0005EEE8       InitControls
 0001:0002BD18       InitDefFontData
 0001:0000CE80       InitDriveSpacePtr
 0001:0000BDD4       InitExceptions
 0001:000303DC       InitFlatSB
 0001:0002FF14       InitGlobals
 0001:00027260       InitializeBitmapInfoHeader
 0001:00000410       InitializeCriticalSection
 0001:00005E28       InitializeCriticalSection
 0002:000025C0       initialized
 0001:000303B4       InitializeFlatSB
 0001:00005A94       InitializeModule
 0001:0000DE84       InitializeVarUtils
 0001:0005EAEC       InitIMM32
 0001:00019D28       InitInheritedComponent
 0001:0000C6D8       InitLeadBytes
 0001:00022E34       InitMultiMonStubs
 0001:0000BED8       InitPlatformId
 0002:00002040       InitProc
 0001:0006E4E4       InitProcs
 0001:0002BC9C       InitScreenLogPixels
 0001:0000C750       InitSysLocale
 0001:0002C638       InitThemeLibrary
 0001:0001FEE0       InitThreadSynchronization
 0001:00005A10       InitThreadTLS
 0001:00003528       InitUnits
 0001:000504D4       InitWndProc
 0002:00000F34       InnerStyles
 0002:000009E4       InnerStyles
 0002:0000204C       Input
 0001:0006B210       InsertBefore
 0001:00056104       InsertBefore
 0001:000010E4       InsertFree
 0001:0004BC50       InsertHotkeyFarEastFormat
 0001:000063F0       InsertMenu
 0001:000063F8       InsertMenuItem
 0002:00002880       InstBlockList
 0002:00002884       InstFreeList
 0002:00002858       IntConstList
 0001:0000CEE8       InterlockedDecrement
 0001:000003B4       InterlockedDecrement
 0001:00005D20       InterlockedExchange
 0001:0000CEF4       InterlockedExchange
 0001:0000CEFC       InterlockedExchangeAdd
 0001:000003AC       InterlockedIncrement
 0001:0000CEDC       InterlockedIncrement
 0001:00001E98       InternalClose
 0001:00024358       InternalDeletePalette
 0001:000020DC       InternalFlush
 0001:00000F24       InternalFreeMem
 0001:000273B0       InternalGetDIB
 0001:00027344       InternalGetDIBSizes
 0001:00019B18       InternalReadComponentRes
 0002:00002B40       InternalServices
 0001:00003D24       InternalUniqueString
 0002:000030E4       Interromper
 0001:00006030       IntersectClipRect
 0001:00006400       IntersectRect
 0001:00007F3C       IntToHex
 0001:00007F64       IntToHex
 0001:00019A18       IntToIdent
 0001:00007E28       IntToStr
 0001:00007F14       IntToStr
 0001:00006408       InvalidateRect
 0001:00070A00       InvalidBcdString
 0001:000263B0       InvalidBitmap
 0001:00026398       InvalidGraphic
 0001:000263BC       InvalidIcon
 0001:000263C8       InvalidMetafile
 0001:00026380       InvalidOperation
 0001:00018B84       InvalidPoint
 0002:00002794       InvalidPointer
 0001:00002B50       InvokeImplGetter
 0002:00002EAC       ioctlsocket
 0001:00001CE8       IOResult
 0002:00000E34       IOwnerDraw
 0002:00002E40       IPList
 0002:000030F8       ip_cli
 0001:000995A8       ip_maxtool_IAC500
 0002:0000308C       Ip_Servidor
 0002:00000E1C       IRadios
 0002:00000E2C       IRTL
 0001:0006420C       IsAccel
 0001:0004CE30       IsAccelChar
 0002:000029D8       IsAppThemed
 0001:00051044       IsBeforeTargetWindow
 0001:00006410       IsChild
 0002:00002048       IsConsole
 0001:0000C3C8       IsDelimiter
 0001:000514A0       IsDelphiHandle
 0001:00006418       IsDialogMessage
 0001:00074358       IsDigit
 0001:000141F0       IsDynArrayRectangular
 0002:00000E24       ISeparators
 0001:00006420       IsIconic
 0001:0004CE8C       IsInitialChar
 0001:0000962C       IsLeapYear
 0002:00002034       IsLibrary
 0002:00002049       IsMultiThread
 0001:0005BEBC       IsOrientationSet
 0001:0000C394       IsPathDelimiter
 0001:00006428       IsRectEmpty
 0001:0003C96C       IsRelative
 0001:00051248       IsSiteChildOfClient
 0002:000029D4       IsThemeActive
 0002:0000297C       IsThemeBackgroundPartiallyTransparent
 0002:000029E4       IsThemeDialogTextureEnabled
 0002:00002978       IsThemePartDefined
 0001:00019AF4       IsUniqueGlobalComponentName
 0002:0000284C       IsUniqueGlobalComponentNameProc
 0001:00007D78       IsValidIdent
 0001:0000C738       IsWesternGroup
 0001:00006430       IsWindow
 0001:00006438       IsWindowEnabled
 0001:00006440       IsWindowVisible
 0001:00006448       IsZoomed
 0001:00048C10       Iterate
 0001:00048C70       IterateMenus
 0002:0000002C       JITEnable
 0001:000641C0       KeyboardStateToShiftState
 0001:00064184       KeyDataToShiftState
 0001:00064130       KeysToShiftState
 0001:00006450       KillTimer
 0001:000083A8       LastDelimiter
 0001:00005840       LCIDToCodePage
 0001:0000C664       LCIDToCodePage
 0002:00000110       LeadBytes
 0001:00000420       LeaveCriticalSection
 0001:00005E30       LeaveCriticalSection
 0001:0006F3D8       LeftTrim
 0002:00000038       LibModuleList
 0001:00006038       LineTo
 0001:00040970       ListActns
 0001:00052044       ListAdd
 0002:00002ECC       listen
 0001:0005206C       ListRemove
 0002:0000274A       ListSeparator
 0002:000004A0       LNextVarType
 0001:00006458       LoadBitmap
 0001:00006460       LoadCursor
 0001:00006468       LoadIcon
 0001:00006470       LoadKeyboardLayout
 0001:00005E38       LoadLibrary
 0001:00000344       LoadLibraryEx
 0001:00005E40       LoadResource
 0001:00004EF8       LoadResourceModule
 0001:000057E8       LoadResString
 0001:00006478       LoadString
 0001:0000034C       LoadString
 0001:000059E4       LocalAlloc
 0001:000003F0       LocalAlloc
 0001:000003F8       LocalFree
 0001:0000AFB8       LocalGetLocaleStr
 0001:00079994       LocalHostName
 0002:00002A0C       Lock
 0001:00005E48       LockResource
 0002:00003084       LogCom
 0002:0000268C       LongDateFormat
 0002:00002720       LongDayNames
 0002:000026D4       LongMonthNames
 0002:000026A0       LongTimeFormat
 0001:00007940       LowerCase
 0001:00005ED8       lstrcpy
 0001:00000354       lstrcpyn
 0002:00002820       LVarTypes
 0002:00002824       LVarTypeSync
 0002:0000202C       MainInstance
 0002:00002030       MainThreadID
 0001:000004B4       MakeEmpty
 0001:00003648       MakeErrorMessage
 0002:00000F80       MakeLast
 0001:0000665C       MakeLong
 0001:000066F4       MakeLParam
 0001:00021184       MakeObjectInstance
 0001:000066B4       MakeROP4
 0001:00006648       MakeWord
 0001:000066EC       MakeWParam
 0001:0000BA8C       MapException
 0001:00040868       Mapi
 0002:00000C94       MAPIDLL
 0002:00000C98       MAPIModule
 0001:00003330       MapToRunError
 0001:00006480       MapVirtualKey
 0001:00006488       MapWindowPoints
 0002:00000FB8       Mask
 0001:00006040       MaskBlt
 0001:000214A0       Math
 0002:00003130       matriz_ip
 0001:00021468       Max
 0001:00066ADC       MaximizedChildren
 0002:00000040       MemoryManager
 0002:00000D8C       MenuKeyCaps
 0001:0004DEAC       Menus
 0001:0000054C       MergeBlockAfter
 0001:00001228       MergeCommit
 0001:00006490       MessageBeep
 0001:00006498       MessageBox
 0001:000002E4       MessageBox
 0001:000829B0       MessageDlgConf
 0001:0002FE18       MessageDlgPos
 0001:0002FE3C       MessageDlgPosHelp
 0001:0000D9A4       Messages
 0002:000030F4       meu_host
 0002:000030F0       meu_ip
 0001:00021460       Min
 0001:0001A410       Min
 0001:00055934       MinVar
 0002:000028C8       MMAvailable
 0002:00000918       ModalResults
 0002:00000F98       ModeMap
 0001:000687DC       ModifySystemMenu
 0002:000000A8       Module
 0002:00002661       ModuleIsCpp
 0002:00002660       ModuleIsLib
 0001:00021154       ModuleUnload
 0002:0000003C       ModuleUnloadList
 0002:000028A4       MonitorFromPoint
 0002:000028A0       MonitorFromRect
 0002:0000289C       MonitorFromWindow
 0002:000000E0       MonthDays
 0002:0000171C       monthnames
 0002:000016CC       monthnames
 0002:0000312C       MostraMsgDeAviso
 0002:00002B54       Mouse
 0001:00001D08       Move
 0001:00070EDC       MoveNibbles
 0001:00006048       MoveToEx
 0001:0005208C       MoveWindowOrg
 0001:00005E50       MulDiv
 0001:00000364       MultiByteToWideChar
 0001:0006DF70       MultiLineWidth
 0001:00022ED0       MultiMon
 0002:00002681       NegCurrFormat
 0001:000012B4       NewCommit
 0001:000012E0       NewCommitAt
 0002:00000C90       NewState
 0002:00002B58       NewStyleControls
 0001:0000C358       NextCharIndex
 0001:000700DC       NextDigit
 0001:0005BEA0       NextVisibleZone
 0001:00016850       NextWord
 0002:000004F0       NilMethod
 0002:00000030       NoErrMsg
 0002:000030D8       NOrdem
 0001:00049A24       NormalDraw
 0001:00070F24       NormalizeBcd
 0001:0007116C       NormalizeBcdPair
 0001:000708D0       NormalizeFractions
 0001:00002EE8       NotifyAnyExcept
 0001:0001A89C       NotifyDesigner
 0001:00002EBC       NotifyExcept
 0001:00002F1C       NotifyExceptFinally
 0001:00019BF4       NotifyGlobalLoading
 0001:00005234       NotifyModuleUnload
 0001:00002E98       NotifyNonDelphiException
 0001:00002ED4       NotifyOnExcept
 0001:00002E7C       NotifyReRaise
 0001:00002F44       NotifyTerminate
 0001:00002F60       NotifyUnhandled
 0001:00009934       Now
 0001:0004C7DC       NthParentOf
 0002:00002ED0       ntohl
 0002:00002ED4       ntohs
 0001:00015844       Null
 0002:00000428       NullAsStringValue
 0002:00000424       NullStrictConvert
 0001:00071034       NumberOfDigits
 0002:00003104       n_pacotes_RX
 0002:0000310C       n_pacotes_TX
 0001:0005058C       ObjectFromHWnd
 0002:000030E5       Ocorreu_TimeOut
 0002:00000980       OEMConverts
 0001:000064A0       OemToAnsi
 0001:00005B40       OffsetRect
 0001:000064A8       OffsetRect
 0002:00003098       ok
 0002:000030E0       Ok_Bio
 0002:000030E1       OK_Ordenado
 0002:000030DE       OK_Simples
 0001:000064B0       OpenClipboard
 0002:0000083C       OpenOptions
 0002:00000894       OpenOptionsEx
 0001:00001DB8       OpenText
 0002:00002944       OpenThemeData
 0002:00000F78       OrientArray
 0002:00000F44       OuterStyles
 0002:000009F4       OuterStyles
 0002:00002790       OutOfMemory
 0001:000263D4       OutOfResources
 0002:00002218       Output
 0001:00005E58       OutputDebugString
 0001:0006E990       OverflowError
 0002:0000042C       PackVarCreation
 0002:000007EC       Pal16
 0001:00024760       PaletteChanged
 0001:00026BCC       PaletteFromDIBColorTable
 0001:00026C70       PaletteToDIBColorTable
 0002:000007E8       PalSize
 0001:0005C2AC       ParentNotLast
 0001:00015110       ParseParam
 0002:0000095C       Passwords
 0001:00006050       PatBlt
 0002:00002938       PatternManager
 0001:000064B8       PeekMessage
 0002:0000292C       PenManager
 0002:000007B8       PenModes
 0002:00000798       PenStyles
 0001:00050888       PerformEraseBackground
 0001:00006058       PlayEnhMetaFile
 0001:00018B0C       Point
 0001:00005B38       Point
 0001:00018F44       PointerInModule
 0001:000572F0       PointsEqual
 0001:000066D4       PointToSmallPoint
 0001:00006060       Polyline
 0002:000030DF       PoolingAtivo
 0002:00002B44       PopupList
 0002:00003140       porta_local_cli
 0001:000064C0       PostMessage
 0001:000064C8       PostQuitMessage
 0002:00001100       Power10
 0001:0002DD14       Printers
 0001:00069EF0       ProcessExecute
 0001:0006443C       ProcessHorz
 0001:00069FF0       ProcessUpdate
 0001:000644A8       ProcessVert
 0001:00046588       ProgressLimitError
 0001:00015CC8       PropertyNotFound
 0001:0001D46C       PropertyNotFound
 0001:0001E6D4       PropPathError
 0002:00000FF0       Props
 0001:0001D460       PropValueError
 0001:000064D0       PtInRect
 0002:000000A4       PtrToNil
 0001:00008D58       PutExponent
 0002:00003150       qtd_capacidade_desordenada
 0002:00003158       qtd_capacidade_eventos
 0002:00003168       qtd_capacidade_feriados
 0002:00003148       qtd_capacidade_ordenada
 0002:00003160       qtd_capacidade_turnos
 0002:00003144       qtd_cartoes
 0002:0000314C       qtd_cartoes_desordenado
 0002:00003154       qtd_eventos
 0002:00003164       qtd_feriados
 0002:0000315C       qtd_turnos
 0002:00002B9C       QualifyingSites
 0001:00005E60       QueryPerformanceCounter
 0001:00005E68       QueryPerformanceFrequency
 0001:0000BA48       RaiseAssertException
 0001:0001C480       RaiseException
 0001:0000029C       RaiseException
 0002:00002014       RaiseExceptionProc
 0001:0000CD7C       RaiseLastOSError
 0001:00015FA0       RangedValue
 0001:0005D020       ReadControlName
 0001:0001F914       ReadCustomVariant
 0001:0001D448       ReadError
 0001:0003C940       ReadError
 0001:00005E70       ReadFile
 0001:000002A4       ReadFile
 0001:00026F24       ReadIcon
 0001:000023D4       ReadLine
 0002:00000964       ReadOnlys
 0001:00006068       RealizePalette
 0001:0001DC88       Recover
 0001:00005B1C       Rect
 0001:00018B34       Rect
 0001:00006078       Rectangle
 0001:00006070       RectVisible
 0002:00002ED8       recv
 0002:00002EDC       recvfrom
 0001:000064D8       RedrawWindow
 0002:00002818       RefAnyProc
 0002:00002A08       ReferenceCount
 0001:00005C78       RegCloseKey
 0001:0000036C       RegCloseKey
 0001:00005C80       RegCreateKeyEx
 0001:0003C980       RegDataToDataType
 0001:00005C88       RegFlushKey
 0002:0000285C       RegGroups
 0001:000196E8       RegisterClass
 0001:000064E0       RegisterClass
 0001:000064E8       RegisterClipboardFormat
 0001:000513E8       RegisterDockSite
 0001:00019A5C       RegisterFindGlobalComponentProc
 0001:00019930       RegisterIntegerConsts
 0001:00005290       RegisterModule
 0001:00021B24       RegisterViewer
 0001:000064F0       RegisterWindowMessage
 0001:0003CFA0       Registry
 0001:00000374       RegOpenKeyEx
 0001:00005C90       RegOpenKeyEx
 0001:0000037C       RegQueryValueEx
 0001:00005C98       RegQueryValueEx
 0001:00005CA0       RegSetValueEx
 0001:0002CE9C       RegStr
 0001:000064F8       ReleaseCapture
 0001:00006500       ReleaseDC
 0002:0000004C       reMap
 0002:00002618       remBytes
 0001:000005D4       RemoveBlock
 0002:000004CC       RemoveDataModule
 0001:0001D318       RemoveFixupReferences
 0001:0001D3C4       RemoveFixups
 0001:0001D6BC       RemoveGlobalFixup
 0001:00006508       RemoveMenu
 0001:000051AC       RemoveModuleUnloadProc
 0001:00005184       RemoveModuleUnloadProc
 0001:00006510       RemoveProp
 0002:00003124       res
 0001:00005E78       ResetEvent
 0001:0001FF2C       ResetSyncEvent
 0001:00001818       ResizeInPlace
 0002:000030E2       Resp_Erro
 0002:000030A4       Resp_Erro_dados
 0002:000030E3       Resp_versao_firmware
 0001:00006080       RestoreDC
 0001:00063DBC       RestoreFocusState
 0001:0001B31C       ReturnAddr
 0001:00019EB8       ReturnAddr
 0001:000487E4       ReturnAddr
 0001:00070ED0       ReverseNegative
 0001:00026950       RGBQuadToTriple
 0001:00026908       RGBTripleToQuad
 0001:0003C808       RichEdit
 0002:00002B6C       RM_GetObjectInstance
 0002:00002BF0       RM_TaskbarCreated
 0001:0006F270       RoundAt
 0002:00002614       rover
 0002:00000CF8       RRStyles
 0002:00000C9C       RTFConversionFormat
 0002:00000CB4       RTL
 0002:00000CBC       RTL
 0002:00000CC4       RTL
 0001:00015AB8       RTLConsts
 0002:00000D08       RTLReading
 0001:000002AC       RtlUnwind
 0002:00002018       RTLUnwindProc
 0002:00000070       runErrMsg
 0001:00001C10       RunErrorAt
 0001:0000DE30       SafeArrayAccessData
 0001:0000DE18       SafeArrayCreate
 0001:0000DE40       SafeArrayGetElement
[...]
  3158 0001:0008F802  3160 0001:0008F813  3162 0001:0008F824  3164 0001:0008F832
  3168 0001:0008F867  3177 0001:0008F910  3178 0001:0008F937  3179 0001:0008F93E
  3180 0001:0008F965  3182 0001:0008F9A1  3183 0001:0008F9AE  3185 0001:0008F9B8
  3186 0001:0008F9C0  3187 0001:0008F9CF  3186 0001:0008F9F2  3188 0001:0008F9F5
  3190 0001:0008FA3F  3193 0001:0008FA84  3195 0001:0008FAB3  3196 0001:0008FAC4
  3197 0001:0008FADA  3198 0001:0008FB4E  3199 0001:0008FB94  3200 0001:0008FBD0
  3204 0001:0008FC1D  3206 0001:0008FC4C  3208 0001:0008FC59  3209 0001:0008FC6A
  3210 0001:0008FC80  3211 0001:0008FCF4  3212 0001:0008FD3A  3213 0001:0008FD76
  3219 0001:0008FDC3  3220 0001:0008FDCB  3221 0001:0008FDDA  3220 0001:0008FE13
  3222 0001:0008FE16  3223 0001:0008FE3C  3224 0001:0008FE4A  3225 0001:0008FE51
  3226 0001:0008FE5E  3228 0001:0008FEC3  3231 0001:0008FF70  3232 0001:0008FF8A
  3234 0001:00090011  3239 0001:0009003C  3240 0001:0009005F  3241 0001:0009006D
  3242 0001:00090079  3243 0001:0009008D  3244 0001:0009009B  3245 0001:000900A9
  3246 0001:000900C9  3247 0001:000900E9  3248 0001:00090109  3249 0001:00090129
  3253 0001:000901E9  3257 0001:000902A9  3262 0001:00090369  3263 0001:0009038F
  3264 0001:000903B5  3265 0001:000903DB  3266 0001:00090401  3267 0001:00090427
  3268 0001:0009044D  3269 0001:00090473  3270 0001:00090499  3271 0001:000904BF
  3272 0001:000904E5  3273 0001:0009050B  3274 0001:00090531  3275 0001:00090557
  3276 0001:0009057D  3277 0001:000905A3  3278 0001:000905C9  3279 0001:000905EF
  3280 0001:00090615  3281 0001:0009063B  3282 0001:00090661  3283 0001:00090687
  3284 0001:000906AD  3285 0001:000906D3  3286 0001:000906F9  3287 0001:0009071F
  3288 0001:00090745  3289 0001:0009076B  3290 0001:00090791  3291 0001:000907B7
  3292 0001:000907E5  3293 0001:00090813  3295 0001:00090839  3296 0001:00090861
  3297 0001:0009086F  3298 0001:00090897  3299 0001:000908A5  3300 0001:000908CD
  3301 0001:000908DB  3302 0001:00090903  3303 0001:00090911  3304 0001:00090939
  3305 0001:00090947  3306 0001:0009096F  3307 0001:0009097D  3308 0001:000909A5
  3309 0001:000909B3  3310 0001:000909DB  3311 0001:000909E9  3312 0001:00090A11
  3313 0001:00090A1F  3314 0001:00090A47  3315 0001:00090A55  3316 0001:00090A7D
  3317 0001:00090A8B  3318 0001:00090AB3  3319 0001:00090AC1  3320 0001:00090AE9
  3321 0001:00090AF7  3322 0001:00090B1F  3323 0001:00090B2D  3324 0001:00090B55
  3325 0001:00090B63  3326 0001:00090B8B  3327 0001:00090B99  3328 0001:00090BC1
  3329 0001:00090BCF  3330 0001:00090BF7  3333 0001:00090C14  3336 0001:00090C23
  3337 0001:00090D42  3344 0001:00091324  3345 0001:00091347  3346 0001:00091355
  3347 0001:00091361  3348 0001:00091375  3349 0001:00091383  3350 0001:00091391
  3351 0001:000913A0  3352 0001:000913AF  3353 0001:000913BE  3356 0001:000913CD
  3357 0001:000913ED  3358 0001:0009140D  3359 0001:0009142D  3360 0001:0009144D
  3361 0001:0009146D  3362 0001:0009148D  3363 0001:000914AD  3364 0001:000914CD
  3365 0001:000914ED  3366 0001:0009150D  3367 0001:0009152D  3368 0001:0009154D
  3369 0001:0009156D  3370 0001:0009158D  3371 0001:000915AD  3372 0001:000915CD
  3373 0001:000915ED  3374 0001:0009160D  3375 0001:0009162D  3376 0001:0009164D
  3377 0001:0009166D  3378 0001:0009168D  3379 0001:000916AD  3380 0001:000916CD
  3381 0001:000916ED  3382 0001:0009170D  3383 0001:0009172D  3384 0001:00091753
  3385 0001:00091779  3386 0001:0009179F  3387 0001:000917CF  3388 0001:000917FF
  3391 0001:00091825  3392 0001:0009184A  3393 0001:0009185D  3394 0001:00091882
  3395 0001:00091895  3396 0001:000918BA  3397 0001:000918CD  3398 0001:000918F2
  3399 0001:00091905  3400 0001:0009192A  3401 0001:0009193D  3402 0001:00091962
  3403 0001:00091975  3404 0001:0009199A  3405 0001:000919AD  3406 0001:000919D2
  3407 0001:000919E5  3408 0001:00091A0A  3409 0001:00091A1D  3410 0001:00091A42
  3411 0001:00091A55  3412 0001:00091A7A  3413 0001:00091A8D  3414 0001:00091AB2
  3415 0001:00091AC5  3416 0001:00091AEA  3417 0001:00091AFD  3418 0001:00091B22
  3419 0001:00091B35  3420 0001:00091B5A  3421 0001:00091B6D  3422 0001:00091B92
  3423 0001:00091BA5  3424 0001:00091BCA  3425 0001:00091BDD  3426 0001:00091C02
  3432 0001:00091C15  3434 0001:00091C3B  3436 0001:00091C61  3437 0001:00091CD5
  3438 0001:00091D4A  3439 0001:00091DBF  3441 0001:00091E34  3442 0001:00091EA8
  3443 0001:00091F1D  3444 0001:00091F92  3446 0001:00092007  3447 0001:0009207B
  3448 0001:000920F0  3449 0001:00092165  3452 0001:000921DA  3453 0001:000921EB
  3455 0001:0009220F  3456 0001:00092227  3458 0001:0009222E  3460 0001:00092244
  3463 0001:00092253  3464 0001:0009229B  3469 0001:00092898  3470 0001:00092899
  3471 0001:000928A7  3472 0001:000928B3  3473 0001:000928C1  3474 0001:000928D2
  3475 0001:000928E3  3476 0001:000928F4  3477 0001:00092905  3478 0001:00092916
  3479 0001:00092927  3480 0001:00092938  3481 0001:00092949  3482 0001:0009295A
  3483 0001:0009296B  3484 0001:0009297C  3485 0001:0009298D  3486 0001:0009299E
  3487 0001:000929AF  3488 0001:000929C0  3489 0001:000929D1  3490 0001:000929E2
  3491 0001:000929F3  3492 0001:00092A04  3493 0001:00092A15  3494 0001:00092A26
  3495 0001:00092A37  3496 0001:00092A48  3497 0001:00092A59  3498 0001:00092A6A
  3499 0001:00092A7B  3500 0001:00092A8C  3501 0001:00092A9D  3502 0001:00092AAE
  3503 0001:00092ABF  3504 0001:00092AD0  3505 0001:00092AE1  3506 0001:00092AF2
  3507 0001:00092B03  3508 0001:00092B14  3509 0001:00092B25  3510 0001:00092B36
  3511 0001:00092B47  3512 0001:00092B58  3514 0001:00092B69  3515 0001:00092B7A
  3516 0001:00092B8B  3517 0001:00092B9C  3518 0001:00092BAD  3520 0001:00092BBE
  3521 0001:00092BCF  3522 0001:00092BE0  3523 0001:00092BF1  3524 0001:00092C02
  3526 0001:00092C13  3527 0001:00092C24  3528 0001:00092C35  3529 0001:00092C46
  3530 0001:00092C57  3532 0001:00092C68  3533 0001:00092C79  3534 0001:00092C8A
  3535 0001:00092C98  3537 0001:00092CA9  3538 0001:00092CB0  3541 0001:0009348C
  3542 0001:000934A4  3543 0001:000934B5  3544 0001:000934CD  3546 0001:000934DA
  3556 0001:000935B9  3557 0001:000935CE  3559 0001:000935D7  3560 0001:000935E0
  3562 0001:0009360F  3566 0001:00093840  3567 0001:00093858  3568 0001:00093863
  3570 0001:000938B8  3573 0001:00093928  3574 0001:00093943  3575 0001:0009396A
  3576 0001:0009397E  3577 0001:000939B8  3581 0001:000939CC  3582 0001:000939DB
  3585 0001:000939FC  3586 0001:00093A16  3587 0001:00093A1D  3588 0001:00093A4E
  3590 0001:00093AA7  3591 0001:00093AB8  3592 0001:00093AC9  3593 0001:00093ADA
  3594 0001:00093B15  3597 0001:00093B8C  3598 0001:00093BA6  3599 0001:00093BAD
  3600 0001:00093BDE  3602 0001:00093C37  3603 0001:00093C48  3604 0001:00093C59
  3605 0001:00093C6A  3606 0001:00093CA5  3609 0001:00093D1C  3610 0001:00093D36
  3611 0001:00093D3D  3612 0001:00093D6E  3614 0001:00093DC7  3615 0001:00093DD8
  3616 0001:00093DE9  3617 0001:00093DFA  3618 0001:00093E35  3621 0001:00093EAC
  3622 0001:00093EC6  3623 0001:00093ECD  3624 0001:00093EFE  3626 0001:00093F57
  3627 0001:00093F68  3628 0001:00093F79  3629 0001:00093F8A  3630 0001:00093FC5
  3633 0001:0009403C  3634 0001:00094057  3635 0001:00094065  3636 0001:00094081
  3638 0001:0009409D  3639 0001:000940A9  3640 0001:000940B5  3642 0001:000940C6
  3643 0001:000940CE  3644 0001:00094100  3646 0001:0009415F  3647 0001:00094173
  3648 0001:00094187  3649 0001:0009419B  3650 0001:000941D9  3653 0001:00094250
  3654 0001:00094266  3655 0001:00094277  3656 0001:000942AC  3661 0001:000942C8
  3662 0001:000942D4  3665 0001:000942D8  3666 0001:000942EE  3667 0001:000942FF
  3668 0001:00094334  3671 0001:00094354  3672 0001:0009436A  3673 0001:0009437B
  3674 0001:000943B0  3677 0001:000943CC  3678 0001:000943E2  3679 0001:000943F3
  3680 0001:00094428  3683 0001:00094444  3684 0001:0009445E  3685 0001:0009448B
  3686 0001:000944CD  3692 0001:000944EC  3693 0001:0009450E  3695 0001:00094533
  3696 0001:00094560  3698 0001:0009458D  3699 0001:000945A3  3700 0001:000945AE
  3701 0001:000945DC  3699 0001:000945DD  3703 0001:000945E0  3704 0001:000945F6
  3705 0001:00094601  3706 0001:0009462F  3704 0001:00094630  3708 0001:00094633
  3709 0001:0009465D  3711 0001:000946F9  3717 0001:00094718  3718 0001:00094739
  3719 0001:00094742  3720 0001:00094749  3721 0001:00094759  3724 0001:00094769
  3726 0001:0009477F  3730 0001:00094781  3731 0001:0009479E  3732 0001:000947A3
  3734 0001:000947A6  3735 0001:000947C3  3736 0001:000947C8  3738 0001:000947CB
  3739 0001:000947E8  3740 0001:000947ED  3742 0001:000947F0  3743 0001:0009480D
  3744 0001:00094812  3746 0001:00094815  3747 0001:00094832  3748 0001:00094837
  3750 0001:0009483A  3751 0001:00094857  3752 0001:0009485C  3754 0001:0009485F
  3755 0001:0009487C  3756 0001:00094881  3758 0001:00094884  3759 0001:000948A1
  3760 0001:000948A6  3761 0001:000948A9  3762 0001:000948BA  3763 0001:000948C9
  3764 0001:000948E1  3765 0001:000948EA  3767 0001:000948FF  3771 0001:00094912
  3773 0001:00094928  3774 0001:00094935  3775 0001:0009495F  3776 0001:00094989
  3777 0001:000949B3  3778 0001:000949DD  3779 0001:00094A07  3780 0001:00094A31
  3781 0001:00094A5B  3782 0001:00094A85  3783 0001:00094AAF  3784 0001:00094AD9
  3785 0001:00094AE8  3786 0001:00094B00  3787 0001:00094B09  3789 0001:00094B1E
  3792 0001:00094B60  3795 0001:00094CA4  3796 0001:00094CBA  3797 0001:00094CC8
  3798 0001:00094CFD  3801 0001:00094D10  3802 0001:00094D26  3803 0001:00094D34
  3804 0001:00094D69  3807 0001:00094D7C  3808 0001:00094D92  3809 0001:00094DA0
  3810 0001:00094DD5  3813 0001:00094DE8  3814 0001:00094DFE  3815 0001:00094E0C
  3816 0001:00094E41  3819 0001:00094E54  3820 0001:00094E6A  3821 0001:00094E7B
  3822 0001:00094EB0  3825 0001:00094ED0  3826 0001:00094EE8  3827 0001:00094F05
  3828 0001:00094F3F  3831 0001:00094F50  3832 0001:00094F6A  3833 0001:00094F9D
  3834 0001:00094FD7  3843 0001:00094FDC  3844 0001:00094FFE  3845 0001:00095007
  3846 0001:0009500E  3847 0001:0009501E  3848 0001:0009502E  3851 0001:0009503E
  3853 0001:00095054  3854 0001:00095058  3855 0001:0009505A  3856 0001:0009505E
  3860 0001:00095062  3861 0001:00095083  3864 0001:00095099  3865 0001:000950BA
  3868 0001:000950D0  3869 0001:000950F1  3872 0001:00095107  3873 0001:00095128
  3876 0001:0009513E  3877 0001:0009515F  3880 0001:00095175  3881 0001:00095196
  3884 0001:000951AC  3885 0001:000951CC  3888 0001:000951E2  3889 0001:00095202
  3892 0001:00095218  3893 0001:00095238  3896 0001:0009524E  3897 0001:0009526E
  3900 0001:00095284  3901 0001:000952A4  3904 0001:000952BA  3905 0001:000952DA
  3908 0001:000952F0  3909 0001:00095310  3912 0001:00095326  3913 0001:00095344
  3915 0001:00095359  3916 0001:0009538C  3918 0001:000953C0  3919 0001:000953DD
  3920 0001:000953F5  3921 0001:000953FE  3923 0001:00095413  3927 0001:00095426
  3929 0001:0009543C  3930 0001:00095449  3931 0001:00095473  3932 0001:0009549D
  3933 0001:000954C7  3934 0001:000954F1  3935 0001:0009551B  3936 0001:00095545
  3937 0001:0009556F  3938 0001:00095599  3939 0001:000955A8  3940 0001:000955C0
  3941 0001:000955C9  3943 0001:000955DE  3949 0001:000955F1  3951 0001:00095607
  3952 0001:00095614  3953 0001:00095637  3954 0001:0009566D  3955 0001:0009567C
  3956 0001:0009569A  3957 0001:000956A3  3959 0001:000956B8  3962 0001:00095717
  3968 0001:00095864  3969 0001:00095887  3973 0001:0009588E  3974 0001:00095893
  3975 0001:00095976  3976 0001:0009597D  3977 0001:00095986  3978 0001:0009598F
  3979 0001:00095998  3980 0001:000959A1  3981 0001:000959AA  3982 0001:000959B3
  3983 0001:000959BC  3984 0001:000959C5  3985 0001:000959CE  3986 0001:000959D7
  3987 0001:000959E0  3988 0001:000959E9  3992 0001:000959F0  3993 0001:00095A14
  3994 0001:00095A3A  3996 0001:00095A5E  3998 0001:00095A81  3999 0001:00095A99
  4000 0001:00095AFF  4001 0001:00095B5E  4006 0001:00095C8C  4007 0001:00095CAA
  4008 0001:00095CAC  4009 0001:00095CFB  4010 0001:00095D02  4011 0001:00095D09
  4013 0001:00095D0E  4014 0001:00095D1F  4015 0001:00095D4A  4016 0001:00095D97
  4023 0001:00095DF4  4024 0001:00095E16  4025 0001:00095E18  4026 0001:00095E67
  4027 0001:00095E6E  4028 0001:00095E75  4030 0001:00095E7A  4031 0001:00095E87
  4032 0001:00095E95  4033 0001:00095EA6  4034 0001:00095F24  4039 0001:00095F98
  4040 0001:00095FB7  4041 0001:00095FB9  4042 0001:00096008  4043 0001:0009600F
  4044 0001:00096016  4046 0001:0009601B  4047 0001:0009602C  4048 0001:00096064
  4049 0001:000960B6  4055 0001:0009611C  4056 0001:0009613B  4057 0001:0009613D
  4058 0001:0009618C  4059 0001:00096193  4060 0001:0009619A  4062 0001:0009619F
  4063 0001:000961B0  4064 0001:000961E8  4065 0001:0009623A  4071 0001:000962A0
  4072 0001:000962BF  4073 0001:000962C1  4074 0001:00096310  4075 0001:00096317
  4076 0001:0009631E  4078 0001:00096323  4079 0001:00096330  4080 0001:00096341
  4081 0001:000963B3  4085 0001:0009641C  4086 0001:00096432  4087 0001:0009648E
  4090 0001:000964D0  4091 0001:000964E6  4092 0001:00096542  4095 0001:00096584
  4096 0001:0009659A  4097 0001:000965F6  4102 0001:00096638  4103 0001:00096656
  4104 0001:00096658  4105 0001:000966A7  4106 0001:000966AE  4107 0001:000966B5
  4109 0001:000966BA  4110 0001:000966CB  4111 0001:00096704  4112 0001:00096751
  4117 0001:000967E0  4118 0001:000967FE  4119 0001:00096800  4120 0001:0009684F
  4121 0001:00096856  4122 0001:0009685D  4124 0001:00096862  4125 0001:00096873
  4126 0001:000968AC  4127 0001:000968F9  4132 0001:00096988  4133 0001:000969A6
  4134 0001:000969A8  4135 0001:000969F7  4136 0001:000969FE  4137 0001:00096A05
  4139 0001:00096A0A  4140 0001:00096A1B  4141 0001:00096A54  4142 0001:00096AA1
  4147 0001:00096B30  4148 0001:00096B4E  4149 0001:00096B50  4150 0001:00096B9F
  4151 0001:00096BA6  4152 0001:00096BAD  4154 0001:00096BB2  4155 0001:00096BC3
  4156 0001:00096BFC  4157 0001:00096C49  4162 0001:00096CD8  4163 0001:00096CF6
  4164 0001:00096CF8  4165 0001:00096D47  4166 0001:00096D4E  4167 0001:00096D55
  4169 0001:00096D5A  4170 0001:00096D6B  4171 0001:00096DA4  4172 0001:00096DF1
  4177 0001:00096E80  4178 0001:00096E9E  4179 0001:00096EA0  4180 0001:00096EEF
  4181 0001:00096EF6  4182 0001:00096EFD  4184 0001:00096F02  4185 0001:00096F13
  4186 0001:00096F4C  4187 0001:00096F99  4192 0001:00097028  4193 0001:00097046
  4194 0001:00097048  4195 0001:00097097  4196 0001:0009709E  4197 0001:000970A5
  4199 0001:000970AA  4200 0001:000970BB  4201 0001:000970F4  4202 0001:00097141
  4207 0001:000971D0  4208 0001:000971F2  4209 0001:000971F4  4210 0001:00097243
  4211 0001:0009724A  4212 0001:00097251  4214 0001:00097256  4215 0001:00097267
  4216 0001:000972B9  4217 0001:00097310  4220 0001:000973A0  4221 0001:000973B8
  4222 0001:000973D2  4224 0001:000973EF  4225 0001:000973FD  4227 0001:00097429
  4230 0001:00097458  4231 0001:00097470  4232 0001:0009748A  4234 0001:000974A7
  4235 0001:000974B5  4237 0001:000974E1  4243 0001:00097510  4244 0001:00097532
  4245 0001:00097534  4246 0001:00097583  4247 0001:0009758A  4248 0001:00097591
  4250 0001:00097596  4251 0001:000975A7  4252 0001:000975DD  4253 0001:0009764E
  4254 0001:00097697  4255 0001:000976C2  4256 0001:0009772E  4267 0001:000977C0
  4268 0001:000977F9  4269 0001:00097802  4270 0001:00097809  4271 0001:0009781A
  4272 0001:00097825  4273 0001:00097847  4274 0001:00097857  4275 0001:0009785C
  4278 0001:0009786C  4279 0001:0009788A  4281 0001:00097899  4282 0001:000978A8
  4276 0001:000978A9  4285 0001:000978BD  4286 0001:000978CD  4287 0001:000978D0
  4289 0001:00097910  4290 0001:00097915  4291 0001:0009797C  4292 0001:00097985
  4293 0001:0009798E  4299 0001:00097995  4301 0001:000979A7  4302 0001:000979B0
  4303 0001:000979F3  4304 0001:000979FF  4305 0001:00097A08  4306 0001:00097A12
  4307 0001:00097A50  4308 0001:00097A59  4309 0001:00097A9C  4310 0001:00097AA8
  4311 0001:00097AB1  4312 0001:00097ABB  4314 0001:00097AF9  4315 0001:00097B06
  4316 0001:00097B13  4317 0001:00097B29  4318 0001:00097B36  4319 0001:00097B6A
  4320 0001:00097B77  4321 0001:00097B84  4322 0001:00097B8B  4323 0001:00097B8D
  4326 0001:00097B96  4327 0001:00097B9F  4328 0001:00097BA0  4329 0001:00097BAD
  4330 0001:00097BF9  4331 0001:00097C29  4332 0001:00097C43  4333 0001:00097C69
  4334 0001:00097CF2  4335 0001:00097D4B  4336 0001:00097D6B  4337 0001:00097D74
  4339 0001:00097D82  4341 0001:00097D8A  4342 0001:00097D93  4343 0001:00097D9D
  4344 0001:00097DDB  4345 0001:00097DE8  4347 0001:00097E04  4349 0001:00097E8F
  4354 0001:00098144  4355 0001:00098154  4360 0001:00098164  4361 0001:00098182
  4362 0001:00098184  4363 0001:000981D3  4364 0001:000981DA  4365 0001:000981E1
  4367 0001:000981E6  4368 0001:000981F7  4369 0001:00098230  4370 0001:0009827D
  4373 0001:0009830C  4374 0001:00098327  4375 0001:0009832E  4376 0001:0009835F
  4378 0001:000983B8  4379 0001:000983C9  4380 0001:000983DA  4381 0001:000983EB
  4383 0001:000983FC  4384 0001:0009840D  4385 0001:00098425  4387 0001:00098432
  4388 0001:00098442  4389 0001:00098452  4390 0001:00098462  4391 0001:00098472
  4392 0001:00098485  4393 0001:00098498  4394 0001:000984AB  4398 0001:000984C3
  4399 0001:000984D3  4400 0001:000984E3  4401 0001:000984F3  4402 0001:00098503
  4403 0001:00098516  4404 0001:00098529  4405 0001:0009853C  4407 0001:0009857E
  4410 0001:00098610  4411 0001:0009862B  4412 0001:00098652  4413 0001:0009866D
  4414 0001:000986A7  4421 0001:000986B0  4422 0001:000986D1  4423 0001:000986D3
  4424 0001:00098722  4425 0001:00098729  4426 0001:00098730  4428 0001:00098735
  4429 0001:00098746  4430 0001:00098753  4431 0001:00098770  4432 0001:0009877D
  4433 0001:0009879A  4434 0001:000987A7  4435 0001:000987DE  4436 0001:0009883D
  4443 0001:00098924  4444 0001:00098945  4445 0001:00098947  4446 0001:00098996
  4447 0001:0009899D  4448 0001:000989A4  4450 0001:000989A9  4451 0001:000989BA
  4452 0001:000989C7  4453 0001:000989E4  4454 0001:000989F1  4455 0001:00098A0E
  4456 0001:00098A1B  4457 0001:00098A52  4458 0001:00098AB1  4461 0001:00098B94
  4462 0001:00098B97  4463 0001:00098BA4  4464 0001:00098BB1  4465 0001:00098BBE
  4466 0001:00098BCB  4467 0001:00098BD8  4468 0001:00098BE5  4469 0001:00098BF2
  4470 0001:00098BFF  4471 0001:00098C0C  4472 0001:00098C19  4473 0001:00098C26
  4478 0001:00098C28  4479 0001:00098C4A  4480 0001:00098C4C  4481 0001:00098C9B
  4482 0001:00098CA2  4483 0001:00098CA9  4485 0001:00098CAE  4486 0001:00098CBF
  4488 0001:00098CC6  4489 0001:00098CFF  4490 0001:00098D17  4491 0001:00098D20
  4493 0001:00098D29  4496 0001:00098D3F  4497 0001:00098D78  4498 0001:00098D90
  4499 0001:00098D99  4501 0001:00098DA2  4504 0001:00098DB8  4505 0001:00098DF1
  4506 0001:00098E09  4507 0001:00098E12  4509 0001:00098E1B  4510 0001:00098E86
  4515 0001:00099010  4516 0001:0009902E  4517 0001:00099030  4518 0001:0009907F
  4519 0001:00099086  4520 0001:0009908D  4522 0001:00099092  4523 0001:000990A3
  4524 0001:000990DC  4525 0001:00099129  4527 0001:00099310  4527 0001:00099317

Line numbers for ip_maxtool_IAC500(C:\Users\ruben\Downloads\ip_maxtool_IAC500_V118 com fontes em DELPHI 7\ip_maxtool_IAC500.dpr) segment .text

    14 0001:000995A8    15 0001:000995BF    16 0001:000995C6    17 0001:000995D2
    18 0001:000995E5    19 0001:000995F8    20 0001:0009960B    21 0001:00099612

Bound resource files

c:\program files (x86)\borland\delphi7\Lib\Buttons.res
c:\program files (x86)\borland\delphi7\Lib\ExtDlgs.res
c:\program files (x86)\borland\delphi7\Lib\Controls.res
Ulogcom.dfm
U_Ip_Servidor.dfm
U_aviso.dfm
Unit1.dfm
uac.res
ip_maxtool_IAC500.res
ip_maxtool_IAC500.drf


Program entry point at 0001:000995A8
